Archive member included to satisfy reference by file (symbol)

C:/ST/STM32CubeIDE_1.15.0/STM32CubeIDE/plugins/com.st.stm32cube.ide.mcu.externaltools.gnu-tools-for-stm32.12.3.rel1.win32_1.0.100.202403111256/tools/bin/../lib/gcc/arm-none-eabi/12.3.1/../../../../arm-none-eabi/lib/thumb/v8-m.main+fp/hard\libc_nano.a(libc_a-exit.o)
                              C:/ST/STM32CubeIDE_1.15.0/STM32CubeIDE/plugins/com.st.stm32cube.ide.mcu.externaltools.gnu-tools-for-stm32.12.3.rel1.win32_1.0.100.202403111256/tools/bin/../lib/gcc/arm-none-eabi/12.3.1/../../../../arm-none-eabi/lib/thumb/v8-m.main+fp/hard/crt0.o (exit)
C:/ST/STM32CubeIDE_1.15.0/STM32CubeIDE/plugins/com.st.stm32cube.ide.mcu.externaltools.gnu-tools-for-stm32.12.3.rel1.win32_1.0.100.202403111256/tools/bin/../lib/gcc/arm-none-eabi/12.3.1/../../../../arm-none-eabi/lib/thumb/v8-m.main+fp/hard\libc_nano.a(libc_a-findfp.o)
                              C:/ST/STM32CubeIDE_1.15.0/STM32CubeIDE/plugins/com.st.stm32cube.ide.mcu.externaltools.gnu-tools-for-stm32.12.3.rel1.win32_1.0.100.202403111256/tools/bin/../lib/gcc/arm-none-eabi/12.3.1/../../../../arm-none-eabi/lib/thumb/v8-m.main+fp/hard\libc_nano.a(libc_a-exit.o) (__stdio_exit_handler)
C:/ST/STM32CubeIDE_1.15.0/STM32CubeIDE/plugins/com.st.stm32cube.ide.mcu.externaltools.gnu-tools-for-stm32.12.3.rel1.win32_1.0.100.202403111256/tools/bin/../lib/gcc/arm-none-eabi/12.3.1/../../../../arm-none-eabi/lib/thumb/v8-m.main+fp/hard\libc_nano.a(libc_a-fwalk.o)
                              C:/ST/STM32CubeIDE_1.15.0/STM32CubeIDE/plugins/com.st.stm32cube.ide.mcu.externaltools.gnu-tools-for-stm32.12.3.rel1.win32_1.0.100.202403111256/tools/bin/../lib/gcc/arm-none-eabi/12.3.1/../../../../arm-none-eabi/lib/thumb/v8-m.main+fp/hard\libc_nano.a(libc_a-findfp.o) (_fwalk_sglue)
C:/ST/STM32CubeIDE_1.15.0/STM32CubeIDE/plugins/com.st.stm32cube.ide.mcu.externaltools.gnu-tools-for-stm32.12.3.rel1.win32_1.0.100.202403111256/tools/bin/../lib/gcc/arm-none-eabi/12.3.1/../../../../arm-none-eabi/lib/thumb/v8-m.main+fp/hard\libc_nano.a(libc_a-stdio.o)
                              C:/ST/STM32CubeIDE_1.15.0/STM32CubeIDE/plugins/com.st.stm32cube.ide.mcu.externaltools.gnu-tools-for-stm32.12.3.rel1.win32_1.0.100.202403111256/tools/bin/../lib/gcc/arm-none-eabi/12.3.1/../../../../arm-none-eabi/lib/thumb/v8-m.main+fp/hard\libc_nano.a(libc_a-findfp.o) (__sread)
C:/ST/STM32CubeIDE_1.15.0/STM32CubeIDE/plugins/com.st.stm32cube.ide.mcu.externaltools.gnu-tools-for-stm32.12.3.rel1.win32_1.0.100.202403111256/tools/bin/../lib/gcc/arm-none-eabi/12.3.1/../../../../arm-none-eabi/lib/thumb/v8-m.main+fp/hard\libc_nano.a(libc_a-memset.o)
                              C:/ST/STM32CubeIDE_1.15.0/STM32CubeIDE/plugins/com.st.stm32cube.ide.mcu.externaltools.gnu-tools-for-stm32.12.3.rel1.win32_1.0.100.202403111256/tools/bin/../lib/gcc/arm-none-eabi/12.3.1/../../../../arm-none-eabi/lib/thumb/v8-m.main+fp/hard/crt0.o (memset)
C:/ST/STM32CubeIDE_1.15.0/STM32CubeIDE/plugins/com.st.stm32cube.ide.mcu.externaltools.gnu-tools-for-stm32.12.3.rel1.win32_1.0.100.202403111256/tools/bin/../lib/gcc/arm-none-eabi/12.3.1/../../../../arm-none-eabi/lib/thumb/v8-m.main+fp/hard\libc_nano.a(libc_a-closer.o)
                              C:/ST/STM32CubeIDE_1.15.0/STM32CubeIDE/plugins/com.st.stm32cube.ide.mcu.externaltools.gnu-tools-for-stm32.12.3.rel1.win32_1.0.100.202403111256/tools/bin/../lib/gcc/arm-none-eabi/12.3.1/../../../../arm-none-eabi/lib/thumb/v8-m.main+fp/hard\libc_nano.a(libc_a-stdio.o) (_close_r)
C:/ST/STM32CubeIDE_1.15.0/STM32CubeIDE/plugins/com.st.stm32cube.ide.mcu.externaltools.gnu-tools-for-stm32.12.3.rel1.win32_1.0.100.202403111256/tools/bin/../lib/gcc/arm-none-eabi/12.3.1/../../../../arm-none-eabi/lib/thumb/v8-m.main+fp/hard\libc_nano.a(libc_a-reent.o)
                              C:/ST/STM32CubeIDE_1.15.0/STM32CubeIDE/plugins/com.st.stm32cube.ide.mcu.externaltools.gnu-tools-for-stm32.12.3.rel1.win32_1.0.100.202403111256/tools/bin/../lib/gcc/arm-none-eabi/12.3.1/../../../../arm-none-eabi/lib/thumb/v8-m.main+fp/hard\libc_nano.a(libc_a-closer.o) (errno)
C:/ST/STM32CubeIDE_1.15.0/STM32CubeIDE/plugins/com.st.stm32cube.ide.mcu.externaltools.gnu-tools-for-stm32.12.3.rel1.win32_1.0.100.202403111256/tools/bin/../lib/gcc/arm-none-eabi/12.3.1/../../../../arm-none-eabi/lib/thumb/v8-m.main+fp/hard\libc_nano.a(libc_a-impure.o)
                              C:/ST/STM32CubeIDE_1.15.0/STM32CubeIDE/plugins/com.st.stm32cube.ide.mcu.externaltools.gnu-tools-for-stm32.12.3.rel1.win32_1.0.100.202403111256/tools/bin/../lib/gcc/arm-none-eabi/12.3.1/../../../../arm-none-eabi/lib/thumb/v8-m.main+fp/hard\libc_nano.a(libc_a-reent.o) (_impure_ptr)
C:/ST/STM32CubeIDE_1.15.0/STM32CubeIDE/plugins/com.st.stm32cube.ide.mcu.externaltools.gnu-tools-for-stm32.12.3.rel1.win32_1.0.100.202403111256/tools/bin/../lib/gcc/arm-none-eabi/12.3.1/../../../../arm-none-eabi/lib/thumb/v8-m.main+fp/hard\libc_nano.a(libc_a-lseekr.o)
[...]
Memory Configuration

Name             Origin             Length             Attributes
RAM              0x30000000         0x00018000         xrw
RAM2             0x30030000         0x00010000         xrw
FLASH            0x0c000000         0x0003e000         xr
FLASH_NSC        0x0c03e000         0x00002000         xr
*default*        0x00000000         0xffffffff

Linker script and memory map

LOAD C:/ST/STM32CubeIDE_1.15.0/STM32CubeIDE/plugins/com.st.stm32cube.ide.mcu.externaltools.gnu-tools-for-stm32.12.3.rel1.win32_1.0.100.202403111256/tools/bin/../lib/gcc/arm-none-eabi/12.3.1/thumb/v8-m.main+fp/hard/crti.o
LOAD C:/ST/STM32CubeIDE_1.15.0/STM32CubeIDE/plugins/com.st.stm32cube.ide.mcu.externaltools.gnu-tools-for-stm32.12.3.rel1.win32_1.0.100.202403111256/tools/bin/../lib/gcc/arm-none-eabi/12.3.1/thumb/v8-m.main+fp/hard/crtbegin.o
LOAD C:/ST/STM32CubeIDE_1.15.0/STM32CubeIDE/plugins/com.st.stm32cube.ide.mcu.externaltools.gnu-tools-for-stm32.12.3.rel1.win32_1.0.100.202403111256/tools/bin/../lib/gcc/arm-none-eabi/12.3.1/../../../../arm-none-eabi/lib/thumb/v8-m.main+fp/hard/crt0.o
LOAD ./Core/Src/dma.o
LOAD ./Core/Src/gpio.o
LOAD ./Core/Src/gtzc_s.o
LOAD ./Core/Src/main.o
LOAD ./Core/Src/secure_nsc.o
LOAD ./Core/Src/stm32l5xx_hal_msp.o
LOAD ./Core/Src/stm32l5xx_it.o
LOAD ./Core/Src/syscalls.o
LOAD ./Core/Src/sysmem.o
LOAD ./Core/Src/system_stm32l5xx_s.o
LOAD ./Core/Startup/startup_stm32l552zetxq.o
LOAD ./Drivers/STM32L5xx_HAL_Driver/stm32l5xx_hal.o
LOAD ./Drivers/STM32L5xx_HAL_Driver/stm32l5xx_hal_cortex.o
LOAD ./Drivers/STM32L5xx_HAL_Driver/stm32l5xx_hal_dma.o
LOAD ./Drivers/STM32L5xx_HAL_Driver/stm32l5xx_hal_dma_ex.o
LOAD ./Drivers/STM32L5xx_HAL_Driver/stm32l5xx_hal_exti.o
LOAD ./Drivers/STM32L5xx_HAL_Driver/stm32l5xx_hal_flash.o
LOAD ./Drivers/STM32L5xx_HAL_Driver/stm32l5xx_hal_flash_ex.o
LOAD ./Drivers/STM32L5xx_HAL_Driver/stm32l5xx_hal_flash_ramfunc.o
LOAD ./Drivers/STM32L5xx_HAL_Driver/stm32l5xx_hal_gpio.o
LOAD ./Drivers/STM32L5xx_HAL_Driver/stm32l5xx_hal_gtzc.o
LOAD ./Drivers/STM32L5xx_HAL_Driver/stm32l5xx_hal_i2c.o
LOAD ./Drivers/STM32L5xx_HAL_Driver/stm32l5xx_hal_i2c_ex.o
LOAD ./Drivers/STM32L5xx_HAL_Driver/stm32l5xx_hal_icache.o
LOAD ./Drivers/STM32L5xx_HAL_Driver/stm32l5xx_hal_pwr.o
LOAD ./Drivers/STM32L5xx_HAL_Driver/stm32l5xx_hal_pwr_ex.o
LOAD ./Drivers/STM32L5xx_HAL_Driver/stm32l5xx_hal_rcc.o
LOAD ./Drivers/STM32L5xx_HAL_Driver/stm32l5xx_hal_rcc_ex.o
LOAD ./Drivers/STM32L5xx_HAL_Driver/stm32l5xx_hal_tim.o
LOAD ./Drivers/STM32L5xx_HAL_Driver/stm32l5xx_hal_tim_ex.o
START GROUP
LOAD C:/ST/STM32CubeIDE_1.15.0/STM32CubeIDE/plugins/com.st.stm32cube.ide.mcu.externaltools.gnu-tools-for-stm32.12.3.rel1.win32_1.0.100.202403111256/tools/bin/../lib/gcc/arm-none-eabi/12.3.1/../../../../arm-none-eabi/lib/thumb/v8-m.main+fp/hard\libc_nano.a
LOAD C:/ST/STM32CubeIDE_1.15.0/STM32CubeIDE/plugins/com.st.stm32cube.ide.mcu.externaltools.gnu-tools-for-stm32.12.3.rel1.win32_1.0.100.202403111256/tools/bin/../lib/gcc/arm-none-eabi/12.3.1/../../../../arm-none-eabi/lib/thumb/v8-m.main+fp/hard\libm.a
END GROUP
START GROUP
LOAD C:/ST/STM32CubeIDE_1.15.0/STM32CubeIDE/plugins/com.st.stm32cube.ide.mcu.externaltools.gnu-tools-for-stm32.12.3.rel1.win32_1.0.100.202403111256/tools/bin/../lib/gcc/arm-none-eabi/12.3.1/thumb/v8-m.main+fp/hard\libgcc.a
LOAD C:/ST/STM32CubeIDE_1.15.0/STM32CubeIDE/plugins/com.st.stm32cube.ide.mcu.externaltools.gnu-tools-for-stm32.12.3.rel1.win32_1.0.100.202403111256/tools/bin/../lib/gcc/arm-none-eabi/12.3.1/../../../../arm-none-eabi/lib/thumb/v8-m.main+fp/hard\libc_nano.a
END GROUP
START GROUP
LOAD C:/ST/STM32CubeIDE_1.15.0/STM32CubeIDE/plugins/com.st.stm32cube.ide.mcu.externaltools.gnu-tools-for-stm32.12.3.rel1.win32_1.0.100.202403111256/tools/bin/../lib/gcc/arm-none-eabi/12.3.1/thumb/v8-m.main+fp/hard\libgcc.a
LOAD C:/ST/STM32CubeIDE_1.15.0/STM32CubeIDE/plugins/com.st.stm32cube.ide.mcu.externaltools.gnu-tools-for-stm32.12.3.rel1.win32_1.0.100.202403111256/tools/bin/../lib/gcc/arm-none-eabi/12.3.1/../../../../arm-none-eabi/lib/thumb/v8-m.main+fp/hard\libc_nano.a
LOAD C:/ST/STM32CubeIDE_1.15.0/STM32CubeIDE/plugins/com.st.stm32cube.ide.mcu.externaltools.gnu-tools-for-stm32.12.3.rel1.win32_1.0.100.202403111256/tools/bin/../lib/gcc/arm-none-eabi/12.3.1/../../../../arm-none-eabi/lib/thumb/v8-m.main+fp/hard\libnosys.a
END GROUP
START GROUP
LOAD C:/ST/STM32CubeIDE_1.15.0/STM32CubeIDE/plugins/com.st.stm32cube.ide.mcu.externaltools.gnu-tools-for-stm32.12.3.rel1.win32_1.0.100.202403111256/tools/bin/../lib/gcc/arm-none-eabi/12.3.1/thumb/v8-m.main+fp/hard\libgcc.a
LOAD C:/ST/STM32CubeIDE_1.15.0/STM32CubeIDE/plugins/com.st.stm32cube.ide.mcu.externaltools.gnu-tools-for-stm32.12.3.rel1.win32_1.0.100.202403111256/tools/bin/../lib/gcc/arm-none-eabi/12.3.1/../../../../arm-none-eabi/lib/thumb/v8-m.main+fp/hard\libc_nano.a
LOAD C:/ST/STM32CubeIDE_1.15.0/STM32CubeIDE/plugins/com.st.stm32cube.ide.mcu.externaltools.gnu-tools-for-stm32.12.3.rel1.win32_1.0.100.202403111256/tools/bin/../lib/gcc/arm-none-eabi/12.3.1/../../../../arm-none-eabi/lib/thumb/v8-m.main+fp/hard\libnosys.a
END GROUP
LOAD C:/ST/STM32CubeIDE_1.15.0/STM32CubeIDE/plugins/com.st.stm32cube.ide.mcu.externaltools.gnu-tools-for-stm32.12.3.rel1.win32_1.0.100.202403111256/tools/bin/../lib/gcc/arm-none-eabi/12.3.1/thumb/v8-m.main+fp/hard/crtend.o
LOAD C:/ST/STM32CubeIDE_1.15.0/STM32CubeIDE/plugins/com.st.stm32cube.ide.mcu.externaltools.gnu-tools-for-stm32.12.3.rel1.win32_1.0.100.202403111256/tools/bin/../lib/gcc/arm-none-eabi/12.3.1/thumb/v8-m.main+fp/hard/crtn.o
                0x30018000                        _estack = (ORIGIN (RAM) + LENGTH (RAM))
                0x00000200                        _Min_Heap_Size = 0x200
                0x00000400                        _Min_Stack_Size = 0x400

.isr_vector     0x0c000000      0x1f4
                0x0c000000                        . = ALIGN (0x4)
 *(.isr_vector)
 .isr_vector    0x0c000000      0x1f4 ./Core/Startup/startup_stm32l552zetxq.o
                0x0c000000                g_pfnVectors
                0x0c0001f4                        . = ALIGN (0x4)

.text           0x0c0001f4      0xdd8
                0x0c0001f4                        . = ALIGN (0x4)
 *(.text)
 .text          0x0c0001f4       0x40 C:/ST/STM32CubeIDE_1.15.0/STM32CubeIDE/plugins/com.st.stm32cube.ide.mcu.externaltools.gnu-tools-for-stm32.12.3.rel1.win32_1.0.100.202403111256/tools/bin/../lib/gcc/arm-none-eabi/12.3.1/thumb/v8-m.main+fp/hard/crtbegin.o
 .text          0x0c000234       0x5c C:/ST/STM32CubeIDE_1.15.0/STM32CubeIDE/plugins/com.st.stm32cube.ide.mcu.externaltools.gnu-tools-for-stm32.12.3.rel1.win32_1.0.100.202403111256/tools/bin/../lib/gcc/arm-none-eabi/12.3.1/thumb/v8-m.main+fp/hard\libgcc.a(cmse_nonsecure_call.o)
                0x0c000234                __gnu_cmse_nonsecure_call
 *(.text*)
 .text.MX_DMA_Init
                0x0c000290       0x48 ./Core/Src/dma.o
                0x0c000290                MX_DMA_Init
 .text.MX_GPIO_Init
                0x0c0002d8       0x40 ./Core/Src/gpio.o
                0x0c0002d8                MX_GPIO_Init
 .text.MX_GTZC_S_Init
                0x0c000318      0x104 ./Core/Src/gtzc_s.o
                0x0c000318                MX_GTZC_S_Init
 .text.main     0x0c00041c       0x1c ./Core/Src/main.o
                0x0c00041c                main
 .text.NonSecure_Init
                0x0c000438       0x88 ./Core/Src/main.o
 .text.Error_Handler
                0x0c0004c0        0xc ./Core/Src/main.o
                0x0c0004c0                Error_Handler
 .text.SECURE_RegisterCallback
                0x0c0004cc       0xa8 ./Core/Src/secure_nsc.o
                0x0c0004cc                __acle_se_SECURE_RegisterCallback
 .text.HAL_MspInit
                0x0c000574       0x48 ./Core/Src/stm32l5xx_hal_msp.o
                0x0c000574                HAL_MspInit
 .text.NMI_Handler
                0x0c0005bc        0x8 ./Core/Src/stm32l5xx_it.o
                0x0c0005bc                NMI_Handler
 .text.HardFault_Handler
                0x0c0005c4        0x8 ./Core/Src/stm32l5xx_it.o
                0x0c0005c4                HardFault_Handler
 .text.MemManage_Handler
                0x0c0005cc        0x8 ./Core/Src/stm32l5xx_it.o
                0x0c0005cc                MemManage_Handler
 .text.BusFault_Handler
                0x0c0005d4        0x8 ./Core/Src/stm32l5xx_it.o
                0x0c0005d4                BusFault_Handler
 .text.UsageFault_Handler
                0x0c0005dc        0x8 ./Core/Src/stm32l5xx_it.o
                0x0c0005dc                UsageFault_Handler
 .text.SecureFault_Handler
                0x0c0005e4        0x8 ./Core/Src/stm32l5xx_it.o
                0x0c0005e4                SecureFault_Handler
 .text.SVC_Handler
                0x0c0005ec        0xe ./Core/Src/stm32l5xx_it.o
                0x0c0005ec                SVC_Handler
 .text.DebugMon_Handler
                0x0c0005fa        0xe ./Core/Src/stm32l5xx_it.o
                0x0c0005fa                DebugMon_Handler
 .text.PendSV_Handler
                0x0c000608        0xe ./Core/Src/stm32l5xx_it.o
                0x0c000608                PendSV_Handler
 .text.SysTick_Handler
                0x0c000616        0xc ./Core/Src/stm32l5xx_it.o
                0x0c000616                SysTick_Handler
 *fill*         0x0c000622        0x2 
 .text.TZ_SAU_Setup
                0x0c000624      0x100 ./Core/Src/system_stm32l5xx_s.o
 .text.SystemInit
                0x0c000724       0x34 ./Core/Src/system_stm32l5xx_s.o
                0x0c000724                SystemInit
 .text.SystemCoreClockUpdate
                0x0c000758      0x15c ./Core/Src/system_stm32l5xx_s.o
                0x0c000758                SystemCoreClockUpdate
 .text.SECURE_SystemCoreClockUpdate
                0x0c0008b4       0x80 ./Core/Src/system_stm32l5xx_s.o
                0x0c0008b4                __acle_se_SECURE_SystemCoreClockUpdate
 .text.Reset_Handler
                0x0c000934       0x50 ./Core/Startup/startup_stm32l552zetxq.o
                0x0c000934                Reset_Handler
 .text.Default_Handler
                0x0c000984        0x2 ./Core/Startup/startup_stm32l552zetxq.o
                0x0c000984                EXTI2_IRQHandler
                0x0c000984                TIM8_TRG_COM_IRQHandler
                0x0c000984                TIM8_CC_IRQHandler
                0x0c000984                EXTI5_IRQHandler
                0x0c000984                FLASH_S_IRQHandler
                0x0c000984                EXTI13_IRQHandler
                0x0c000984                TIM1_CC_IRQHandler
                0x0c000984                TSC_IRQHandler
                0x0c000984                TAMP_IRQHandler
                0x0c000984                TIM6_IRQHandler
                0x0c000984                EXTI12_IRQHandler
                0x0c000984                DMA2_Channel8_IRQHandler
                0x0c000984                EXTI3_IRQHandler
                0x0c000984                EXTI8_IRQHandler
                0x0c000984                LPTIM2_IRQHandler
                0x0c000984                DFSDM1_FLT1_IRQHandler
                0x0c000984                USB_FS_IRQHandler
                0x0c000984                I2C3_ER_IRQHandler
                0x0c000984                DFSDM1_FLT2_IRQHandler
                0x0c000984                DMAMUX1_IRQHandler
                0x0c000984                LPTIM3_IRQHandler
                0x0c000984                EXTI0_IRQHandler
                0x0c000984                I2C2_EV_IRQHandler
                0x0c000984                FPU_IRQHandler
                0x0c000984                FDCAN1_IT1_IRQHandler
                0x0c000984                ADC1_2_IRQHandler
                0x0c000984                SPI1_IRQHandler
                0x0c000984                OCTOSPI1_IRQHandler
                0x0c000984                TIM8_UP_IRQHandler
                0x0c000984                RCC_S_IRQHandler
                0x0c000984                DMA2_Channel2_IRQHandler
                0x0c000984                DMA1_Channel4_IRQHandler
                0x0c000984                SAI2_IRQHandler
                0x0c000984                DFSDM1_FLT3_IRQHandler
                0x0c000984                EXTI15_IRQHandler
                0x0c000984                TIM17_IRQHandler
                0x0c000984                USART3_IRQHandler
                0x0c000984                RTC_IRQHandler
                0x0c000984                EXTI9_IRQHandler
                0x0c000984                DMA1_Channel7_IRQHandler
                0x0c000984                UART5_IRQHandler
                0x0c000984                TIM4_IRQHandler
                0x0c000984                DMA2_Channel1_IRQHandler
                0x0c000984                I2C1_EV_IRQHandler
                0x0c000984                DMA1_Channel6_IRQHandler
                0x0c000984                TIM16_IRQHandler
                0x0c000984                UART4_IRQHandler
                0x0c000984                DMA2_Channel4_IRQHandler
                0x0c000984                TIM3_IRQHandler
                0x0c000984                RCC_IRQHandler
                0x0c000984                TIM1_TRG_COM_IRQHandler
                0x0c000984                DMA1_Channel1_IRQHandler
                0x0c000984                Default_Handler
                0x0c000984                DMA2_Channel7_IRQHandler
                0x0c000984                DMA1_Channel8_IRQHandler
                0x0c000984                TIM7_IRQHandler
                0x0c000984                SDMMC1_IRQHandler
                0x0c000984                TIM5_IRQHandler
                0x0c000984                UCPD1_IRQHandler
                0x0c000984                TIM15_IRQHandler
                0x0c000984                I2C3_EV_IRQHandler
                0x0c000984                PVD_PVM_IRQHandler
                0x0c000984                SPI2_IRQHandler
                0x0c000984                EXTI14_IRQHandler
                0x0c000984                EXTI11_IRQHandler
                0x0c000984                DMA2_Channel5_IRQHandler
                0x0c000984                CRS_IRQHandler
                0x0c000984                DMA1_Channel5_IRQHandler
                0x0c000984                EXTI4_IRQHandler
                0x0c000984                RTC_S_IRQHandler
                0x0c000984                RNG_IRQHandler
                0x0c000984                DMAMUX1_S_IRQHandler
                0x0c000984                DMA1_Channel3_IRQHandler
                0x0c000984                COMP_IRQHandler
                0x0c000984                TIM1_UP_IRQHandler
                0x0c000984                WWDG_IRQHandler
                0x0c000984                I2C4_EV_IRQHandler
                0x0c000984                LPUART1_IRQHandler
                0x0c000984                DMA2_Channel6_IRQHandler
                0x0c000984                FDCAN1_IT0_IRQHandler
                0x0c000984                TIM2_IRQHandler
                0x0c000984                TAMP_S_IRQHandler
                0x0c000984                EXTI7_IRQHandler
                0x0c000984                TIM1_BRK_IRQHandler
                0x0c000984                DAC_IRQHandler
                0x0c000984                EXTI1_IRQHandler
                0x0c000984                GTZC_IRQHandler
                0x0c000984                USART2_IRQHandler
                0x0c000984                DFSDM1_FLT0_IRQHandler
                0x0c000984                I2C2_ER_IRQHandler
                0x0c000984                DMA1_Channel2_IRQHandler
                0x0c000984                TIM8_BRK_IRQHandler
                0x0c000984                FLASH_IRQHandler
                0x0c000984                USART1_IRQHandler
                0x0c000984                EXTI10_IRQHandler
                0x0c000984                SPI3_IRQHandler
                0x0c000984                I2C1_ER_IRQHandler
                0x0c000984                FMC_IRQHandler
                0x0c000984                EXTI6_IRQHandler
                0x0c000984                LPTIM1_IRQHandler
                0x0c000984                I2C4_ER_IRQHandler
                0x0c000984                ICACHE_IRQHandler
                0x0c000984                SAI1_IRQHandler
                0x0c000984                HASH_IRQHandler
                0x0c000984                DMA2_Channel3_IRQHandler
 .text.HAL_Init
                0x0c000986       0x34 ./Drivers/STM32L5xx_HAL_Driver/stm32l5xx_hal.o
                0x0c000986                HAL_Init
 *fill*         0x0c0009ba        0x2 
 .text.HAL_InitTick
                0x0c0009bc       0x78 ./Drivers/STM32L5xx_HAL_Driver/stm32l5xx_hal.o
                0x0c0009bc                HAL_InitTick
 .text.HAL_IncTick
                0x0c000a34       0x28 ./Drivers/STM32L5xx_HAL_Driver/stm32l5xx_hal.o
                0x0c000a34                HAL_IncTick
 .text.__NVIC_SetPriorityGrouping
                0x0c000a5c       0x48 ./Drivers/STM32L5xx_HAL_Driver/stm32l5xx_hal_cortex.o
 .text.__NVIC_GetPriorityGrouping
                0x0c000aa4       0x1c ./Drivers/STM32L5xx_HAL_Driver/stm32l5xx_hal_cortex.o
 .text.__NVIC_SetPriority
                0x0c000ac0       0x54 ./Drivers/STM32L5xx_HAL_Driver/stm32l5xx_hal_cortex.o
 .text.NVIC_EncodePriority
                0x0c000b14       0x66 ./Drivers/STM32L5xx_HAL_Driver/stm32l5xx_hal_cortex.o
 *fill*         0x0c000b7a        0x2 
 .text.SysTick_Config
                0x0c000b7c       0x44 ./Drivers/STM32L5xx_HAL_Driver/stm32l5xx_hal_cortex.o
 .text.HAL_NVIC_SetPriorityGrouping
                0x0c000bc0       0x16 ./Drivers/STM32L5xx_HAL_Driver/stm32l5xx_hal_cortex.o
                0x0c000bc0                HAL_NVIC_SetPriorityGrouping
 .text.HAL_NVIC_SetPriority
                0x0c000bd6       0x34 ./Drivers/STM32L5xx_HAL_Driver/stm32l5xx_hal_cortex.o
                0x0c000bd6                HAL_NVIC_SetPriority
 .text.HAL_SYSTICK_Config
                0x0c000c0a       0x18 ./Drivers/STM32L5xx_HAL_Driver/stm32l5xx_hal_cortex.o
                0x0c000c0a                HAL_SYSTICK_Config
 .text.HAL_GPIO_ConfigPinAttributes
                0x0c000c22       0x40 ./Drivers/STM32L5xx_HAL_Driver/stm32l5xx_hal_gpio.o
                0x0c000c22                HAL_GPIO_ConfigPinAttributes
 *fill*         0x0c000c62        0x2 
 .text.HAL_GTZC_TZSC_ConfigPeriphAttributes
                0x0c000c64      0x1b0 ./Drivers/STM32L5xx_HAL_Driver/stm32l5xx_hal_gtzc.o
                0x0c000c64                HAL_GTZC_TZSC_ConfigPeriphAttributes
 .text.HAL_GTZC_MPCBB_ConfigMem
                0x0c000e14      0x108 ./Drivers/STM32L5xx_HAL_Driver/stm32l5xx_hal_gtzc.o
                0x0c000e14                HAL_GTZC_MPCBB_ConfigMem
 .text.HAL_PWREx_EnableVddIO2
                0x0c000f1c       0x20 ./Drivers/STM32L5xx_HAL_Driver/stm32l5xx_hal_pwr_ex.o
                0x0c000f1c                HAL_PWREx_EnableVddIO2
 .text.HAL_PWREx_DisableUCPDDeadBattery
                0x0c000f3c       0x20 ./Drivers/STM32L5xx_HAL_Driver/stm32l5xx_hal_pwr_ex.o
                0x0c000f3c                HAL_PWREx_DisableUCPDDeadBattery
 .text.memset   0x0c000f5c       0x10 C:/ST/STM32CubeIDE_1.15.0/STM32CubeIDE/plugins/com.st.stm32cube.ide.mcu.externaltools.gnu-tools-for-stm32.12.3.rel1.win32_1.0.100.202403111256/tools/bin/../lib/gcc/arm-none-eabi/12.3.1/../../../../arm-none-eabi/lib/thumb/v8-m.main+fp/hard\libc_nano.a(libc_a-memset.o)
                0x0c000f5c                memset
 .text.__libc_init_array
                0x0c000f6c       0x48 C:/ST/STM32CubeIDE_1.15.0/STM32CubeIDE/plugins/com.st.stm32cube.ide.mcu.externaltools.gnu-tools-for-stm32.12.3.rel1.win32_1.0.100.202403111256/tools/bin/../lib/gcc/arm-none-eabi/12.3.1/../../../../arm-none-eabi/lib/thumb/v8-m.main+fp/hard\libc_nano.a(libc_a-init.o)
                0x0c000f6c                __libc_init_array
 *(.glue_7)
 .glue_7        0x0c000fb4        0x0 linker stubs
 *(.glue_7t)
 .glue_7t       0x0c000fb4        0x0 linker stubs
 *(.eh_frame)
 .eh_frame      0x0c000fb4        0x0 C:/ST/STM32CubeIDE_1.15.0/STM32CubeIDE/plugins/com.st.stm32cube.ide.mcu.externaltools.gnu-tools-for-stm32.12.3.rel1.win32_1.0.100.202403111256/tools/bin/../lib/gcc/arm-none-eabi/12.3.1/thumb/v8-m.main+fp/hard/crtbegin.o
 *(.init)
 .init          0x0c000fb4        0x4 C:/ST/STM32CubeIDE_1.15.0/STM32CubeIDE/plugins/com.st.stm32cube.ide.mcu.externaltools.gnu-tools-for-stm32.12.3.rel1.win32_1.0.100.202403111256/tools/bin/../lib/gcc/arm-none-eabi/12.3.1/thumb/v8-m.main+fp/hard/crti.o
                0x0c000fb4                _init
 .init          0x0c000fb8        0x8 C:/ST/STM32CubeIDE_1.15.0/STM32CubeIDE/plugins/com.st.stm32cube.ide.mcu.externaltools.gnu-tools-for-stm32.12.3.rel1.win32_1.0.100.202403111256/tools/bin/../lib/gcc/arm-none-eabi/12.3.1/thumb/v8-m.main+fp/hard/crtn.o
 *(.fini)
 .fini          0x0c000fc0        0x4 C:/ST/STM32CubeIDE_1.15.0/STM32CubeIDE/plugins/com.st.stm32cube.ide.mcu.externaltools.gnu-tools-for-stm32.12.3.rel1.win32_1.0.100.202403111256/tools/bin/../lib/gcc/arm-none-eabi/12.3.1/thumb/v8-m.main+fp/hard/crti.o
                0x0c000fc0                _fini
 .fini          0x0c000fc4        0x8 C:/ST/STM32CubeIDE_1.15.0/STM32CubeIDE/plugins/com.st.stm32cube.ide.mcu.externaltools.gnu-tools-for-stm32.12.3.rel1.win32_1.0.100.202403111256/tools/bin/../lib/gcc/arm-none-eabi/12.3.1/thumb/v8-m.main+fp/hard/crtn.o
                0x0c000fcc                        . = ALIGN (0x4)
                0x0c000fcc                        _etext = .

.vfp11_veneer   0x0c000fcc        0x0
 .vfp11_veneer  0x0c000fcc        0x0 linker stubs

.v4_bx          0x0c000fcc        0x0
 .v4_bx         0x0c000fcc        0x0 linker stubs

.iplt           0x0c000fcc        0x0
 .iplt          0x0c000fcc        0x0 C:/ST/STM32CubeIDE_1.15.0/STM32CubeIDE/plugins/com.st.stm32cube.ide.mcu.externaltools.gnu-tools-for-stm32.12.3.rel1.win32_1.0.100.202403111256/tools/bin/../lib/gcc/arm-none-eabi/12.3.1/thumb/v8-m.main+fp/hard/crtbegin.o

.rodata         0x0c000fcc       0x50
                0x0c000fcc                        . = ALIGN (0x4)
 *(.rodata)
 *(.rodata*)
 .rodata.AHBPrescTable
                0x0c000fcc       0x10 ./Core/Src/system_stm32l5xx_s.o
                0x0c000fcc                AHBPrescTable
 .rodata.MSIRangeTable
                0x0c000fdc       0x40 ./Core/Src/system_stm32l5xx_s.o
                0x0c000fdc                MSIRangeTable
                0x0c00101c                        . = ALIGN (0x4)

.ARM.extab      0x0c00101c        0x0
                0x0c00101c                        . = ALIGN (0x4)
 *(.ARM.extab* .gnu.linkonce.armextab.*)
                0x0c00101c                        . = ALIGN (0x4)

.ARM            0x0c00101c        0x0
                0x0c00101c                        . = ALIGN (0x4)
                0x0c00101c                        __exidx_start = .
 *(.ARM.exidx*)
                0x0c00101c                        __exidx_end = .
                0x0c00101c                        . = ALIGN (0x4)

.preinit_array  0x0c00101c        0x0
                0x0c00101c                        . = ALIGN (0x4)
                0x0c00101c                        PROVIDE (__preinit_array_start = .)
 *(.preinit_array*)
                0x0c00101c                        PROVIDE (__preinit_array_end = .)
                0x0c00101c                        . = ALIGN (0x4)

.init_array     0x0c00101c        0x4
                0x0c00101c                        . = ALIGN (0x4)
                0x0c00101c                        PROVIDE (__init_array_start = .)
 *(SORT_BY_NAME(.init_array.*))
 *(.init_array*)
 .init_array    0x0c00101c        0x4 C:/ST/STM32CubeIDE_1.15.0/STM32CubeIDE/plugins/com.st.stm32cube.ide.mcu.externaltools.gnu-tools-for-stm32.12.3.rel1.win32_1.0.100.202403111256/tools/bin/../lib/gcc/arm-none-eabi/12.3.1/thumb/v8-m.main+fp/hard/crtbegin.o
                0x0c001020                        PROVIDE (__init_array_end = .)
                0x0c001020                        . = ALIGN (0x4)

.fini_array     0x0c001020        0x4
                0x0c001020                        . = ALIGN (0x4)
                [!provide]                        PROVIDE (__fini_array_start = .)
 *(SORT_BY_NAME(.fini_array.*))
 *(.fini_array*)
 .fini_array    0x0c001020        0x4 C:/ST/STM32CubeIDE_1.15.0/STM32CubeIDE/plugins/com.st.stm32cube.ide.mcu.externaltools.gnu-tools-for-stm32.12.3.rel1.win32_1.0.100.202403111256/tools/bin/../lib/gcc/arm-none-eabi/12.3.1/thumb/v8-m.main+fp/hard/crtbegin.o
                [!provide]                        PROVIDE (__fini_array_end = .)
                0x0c001024                        . = ALIGN (0x4)
                0x0c001024                        _sidata = LOADADDR (.data)

.rel.dyn        0x0c001024        0x0
 .rel.iplt      0x0c001024        0x0 C:/ST/STM32CubeIDE_1.15.0/STM32CubeIDE/plugins/com.st.stm32cube.ide.mcu.externaltools.gnu-tools-for-stm32.12.3.rel1.win32_1.0.100.202403111256/tools/bin/../lib/gcc/arm-none-eabi/12.3.1/thumb/v8-m.main+fp/hard/crtbegin.o

.data           0x30000000        0xc load address 0x0c001024
                0x30000000                        . = ALIGN (0x4)
                0x30000000                        _sdata = .
 *(.data)
 *(.data*)
 .data.SystemCoreClock
                0x30000000        0x4 ./Core/Src/system_stm32l5xx_s.o
                0x30000000                SystemCoreClock
 .data.uwTickPrio
                0x30000004        0x4 ./Drivers/STM32L5xx_HAL_Driver/stm32l5xx_hal.o
                0x30000004                uwTickPrio
 .data.uwTickFreq
                0x30000008        0x1 ./Drivers/STM32L5xx_HAL_Driver/stm32l5xx_hal.o
                0x30000008                uwTickFreq
 *(.RamFunc)
 *(.RamFunc*)
                0x3000000c                        . = ALIGN (0x4)
 *fill*         0x30000009        0x3 
                0x3000000c                        _edata = .

.igot.plt       0x3000000c        0x0 load address 0x0c001030
 .igot.plt      0x3000000c        0x0 C:/ST/STM32CubeIDE_1.15.0/STM32CubeIDE/plugins/com.st.stm32cube.ide.mcu.externaltools.gnu-tools-for-stm32.12.3.rel1.win32_1.0.100.202403111256/tools/bin/../lib/gcc/arm-none-eabi/12.3.1/thumb/v8-m.main+fp/hard/crtbegin.o

.gnu.sgstubs    0x0c03e000       0x20
                0x0c03e000                        . = ALIGN (0x4)
 *(.gnu.sgstubs*)
                0x0c03e000                        . = ALIGN (0x4)
 .gnu.sgstubs.__stub
                0x0c03e000       0x10 linker stubs
                0x0c03e000                SECURE_SystemCoreClockUpdate
                0x0c03e008                SECURE_RegisterCallback
                0x0c03e010                        . = ALIGN (0x4)

.bss            0x3000000c       0x28
                0x3000000c                        _sbss = .
                0x3000000c                        __bss_start__ = _sbss
 *(.bss)
 .bss           0x3000000c       0x1c C:/ST/STM32CubeIDE_1.15.0/STM32CubeIDE/plugins/com.st.stm32cube.ide.mcu.externaltools.gnu-tools-for-stm32.12.3.rel1.win32_1.0.100.202403111256/tools/bin/../lib/gcc/arm-none-eabi/12.3.1/thumb/v8-m.main+fp/hard/crtbegin.o
 *(.bss*)
 .bss.pSecureFaultCallback
                0x30000028        0x4 ./Core/Src/secure_nsc.o
                0x30000028                pSecureFaultCallback
 .bss.pSecureErrorCallback
                0x3000002c        0x4 ./Core/Src/secure_nsc.o
                0x3000002c                pSecureErrorCallback
 .bss.uwTick    0x30000030        0x4 ./Drivers/STM32L5xx_HAL_Driver/stm32l5xx_hal.o
                0x30000030                uwTick
 *(COMMON)
                0x30000034                        . = ALIGN (0x4)
                0x30000034                        _ebss = .
                0x30000034                        __bss_end__ = _ebss

._user_heap_stack
                0x30000034      0x604
                0x30000038                        . = ALIGN (0x8)
 *fill*         0x30000034        0x4 
                [!provide]                        PROVIDE (end = .)
                0x30000038                        PROVIDE (_end = .)
                0x30000238                        . = (. + _Min_Heap_Size)
 *fill*         0x30000038      0x200 
                0x30000638                        . = (. + _Min_Stack_Size)
 *fill*         0x30000238      0x400 
                0x30000638                        . = ALIGN (0x8)

/DISCARD/
 libc.a(*)
 libm.a(*)
 libgcc.a(*)

.ARM.attributes
                0x00000000       0x36
 *(.ARM.attributes)
 .ARM.attributes
                0x00000000       0x26 C:/ST/STM32CubeIDE_1.15.0/STM32CubeIDE/plugins/com.st.stm32cube.ide.mcu.externaltools.gnu-tools-for-stm32.12.3.rel1.win32_1.0.100.202403111256/tools/bin/../lib/gcc/arm-none-eabi/12.3.1/thumb/v8-m.main+fp/hard/crti.o
 .ARM.attributes
                0x00000026       0x38 C:/ST/STM32CubeIDE_1.15.0/STM32CubeIDE/plugins/com.st.stm32cube.ide.mcu.externaltools.gnu-tools-for-stm32.12.3.rel1.win32_1.0.100.202403111256/tools/bin/../lib/gcc/arm-none-eabi/12.3.1/thumb/v8-m.main+fp/hard/crtbegin.o
 .ARM.attributes
                0x0000005e       0x3a ./Core/Src/dma.o
 .ARM.attributes
                0x00000098       0x3a ./Core/Src/gpio.o
 .ARM.attributes
                0x000000d2       0x3a ./Core/Src/gtzc_s.o
 .ARM.attributes
                0x0000010c       0x3a ./Core/Src/main.o
 .ARM.attributes
                0x00000146       0x3a ./Core/Src/stm32l5xx_hal_msp.o
 .ARM.attributes
                0x00000180       0x3a ./Core/Src/stm32l5xx_it.o
 .ARM.attributes
                0x000001ba       0x3a ./Core/Src/system_stm32l5xx_s.o
 .ARM.attributes
                0x000001f4       0x24 ./Core/Startup/startup_stm32l552zetxq.o
 .ARM.attributes
                0x00000218       0x3a ./Drivers/STM32L5xx_HAL_Driver/stm32l5xx_hal.o
 .ARM.attributes
                0x00000252       0x3a ./Drivers/STM32L5xx_HAL_Driver/stm32l5xx_hal_cortex.o
 .ARM.attributes
                0x0000028c       0x3a ./Drivers/STM32L5xx_HAL_Driver/stm32l5xx_hal_gpio.o
 .ARM.attributes
                0x000002c6       0x3a ./Drivers/STM32L5xx_HAL_Driver/stm32l5xx_hal_gtzc.o
 .ARM.attributes
                0x00000300       0x3a ./Drivers/STM32L5xx_HAL_Driver/stm32l5xx_hal_pwr_ex.o
 .ARM.attributes
                0x0000033a       0x38 C:/ST/STM32CubeIDE_1.15.0/STM32CubeIDE/plugins/com.st.stm32cube.ide.mcu.externaltools.gnu-tools-for-stm32.12.3.rel1.win32_1.0.100.202403111256/tools/bin/../lib/gcc/arm-none-eabi/12.3.1/../../../../arm-none-eabi/lib/thumb/v8-m.main+fp/hard\libc_nano.a(libc_a-memset.o)
 .ARM.attributes
                0x00000372       0x38 C:/ST/STM32CubeIDE_1.15.0/STM32CubeIDE/plugins/com.st.stm32cube.ide.mcu.externaltools.gnu-tools-for-stm32.12.3.rel1.win32_1.0.100.202403111256/tools/bin/../lib/gcc/arm-none-eabi/12.3.1/../../../../arm-none-eabi/lib/thumb/v8-m.main+fp/hard\libc_nano.a(libc_a-init.o)
 .ARM.attributes
                0x000003aa       0x24 C:/ST/STM32CubeIDE_1.15.0/STM32CubeIDE/plugins/com.st.stm32cube.ide.mcu.externaltools.gnu-tools-for-stm32.12.3.rel1.win32_1.0.100.202403111256/tools/bin/../lib/gcc/arm-none-eabi/12.3.1/thumb/v8-m.main+fp/hard\libgcc.a(cmse_nonsecure_call.o)
 .ARM.attributes
                0x000003ce       0x26 C:/ST/STM32CubeIDE_1.15.0/STM32CubeIDE/plugins/com.st.stm32cube.ide.mcu.externaltools.gnu-tools-for-stm32.12.3.rel1.win32_1.0.100.202403111256/tools/bin/../lib/gcc/arm-none-eabi/12.3.1/thumb/v8-m.main+fp/hard/crtn.o
OUTPUT(L5-SR_Win_Secure.elf elf32-littlearm)
LOAD linker stubs
LOAD C:/ST/STM32CubeIDE_1.15.0/STM32CubeIDE/plugins/com.st.stm32cube.ide.mcu.externaltools.gnu-tools-for-stm32.12.3.rel1.win32_1.0.100.202403111256/tools/bin/../lib/gcc/arm-none-eabi/12.3.1/../../../../arm-none-eabi/lib/thumb/v8-m.main+fp/hard\libc.a
LOAD C:/ST/STM32CubeIDE_1.15.0/STM32CubeIDE/plugins/com.st.stm32cube.ide.mcu.externaltools.gnu-tools-for-stm32.12.3.rel1.win32_1.0.100.202403111256/tools/bin/../lib/gcc/arm-none-eabi/12.3.1/../../../../arm-none-eabi/lib/thumb/v8-m.main+fp/hard\libm.a
LOAD C:/ST/STM32CubeIDE_1.15.0/STM32CubeIDE/plugins/com.st.stm32cube.ide.mcu.externaltools.gnu-tools-for-stm32.12.3.rel1.win32_1.0.100.202403111256/tools/bin/../lib/gcc/arm-none-eabi/12.3.1/thumb/v8-m.main+fp/hard\libgcc.a

.debug_info     0x00000000     0x5d1b
 .debug_info    0x00000000      0x379 ./Core/Src/dma.o
 .debug_info    0x00000379      0x45d ./Core/Src/gpio.o
 .debug_info    0x000007d6      0x1b1 ./Core/Src/gtzc_s.o
 .debug_info    0x00000987      0x480 ./Core/Src/main.o
 .debug_info    0x00000e07       0xee ./Core/Src/secure_nsc.o
 .debug_info    0x00000ef5      0x382 ./Core/Src/stm32l5xx_hal_msp.o
 .debug_info    0x00001277      0x123 ./Core/Src/stm32l5xx_it.o
 .debug_info    0x0000139a      0xa31 ./Core/Src/system_stm32l5xx_s.o
 .debug_info    0x00001dcb       0x30 ./Core/Startup/startup_stm32l552zetxq.o
 .debug_info    0x00001dfb      0xd6d ./Drivers/STM32L5xx_HAL_Driver/stm32l5xx_hal.o
 .debug_info    0x00002b68     0x1240 ./Drivers/STM32L5xx_HAL_Driver/stm32l5xx_hal_cortex.o
 .debug_info    0x00003da8      0x674 ./Drivers/STM32L5xx_HAL_Driver/stm32l5xx_hal_gpio.o
 .debug_info    0x0000441c      0xb8c ./Drivers/STM32L5xx_HAL_Driver/stm32l5xx_hal_gtzc.o
 .debug_info    0x00004fa8      0xd73 ./Drivers/STM32L5xx_HAL_Driver/stm32l5xx_hal_pwr_ex.o

.debug_abbrev   0x00000000     0x14b4
 .debug_abbrev  0x00000000       0xe9 ./Core/Src/dma.o
 .debug_abbrev  0x000000e9      0x125 ./Core/Src/gpio.o
 .debug_abbrev  0x0000020e       0xf9 ./Core/Src/gtzc_s.o
 .debug_abbrev  0x00000307      0x1c5 ./Core/Src/main.o
 .debug_abbrev  0x000004cc       0x9f ./Core/Src/secure_nsc.o
 .debug_abbrev  0x0000056b       0xfc ./Core/Src/stm32l5xx_hal_msp.o
 .debug_abbrev  0x00000667       0x73 ./Core/Src/stm32l5xx_it.o
 .debug_abbrev  0x000006da      0x187 ./Core/Src/system_stm32l5xx_s.o
 .debug_abbrev  0x00000861       0x24 ./Core/Startup/startup_stm32l552zetxq.o
 .debug_abbrev  0x00000885      0x2e0 ./Drivers/STM32L5xx_HAL_Driver/stm32l5xx_hal.o
 .debug_abbrev  0x00000b65      0x32c ./Drivers/STM32L5xx_HAL_Driver/stm32l5xx_hal_cortex.o
 .debug_abbrev  0x00000e91      0x1c2 ./Drivers/STM32L5xx_HAL_Driver/stm32l5xx_hal_gpio.o
 .debug_abbrev  0x00001053      0x1d5 ./Drivers/STM32L5xx_HAL_Driver/stm32l5xx_hal_gtzc.o
 .debug_abbrev  0x00001228      0x28c ./Drivers/STM32L5xx_HAL_Driver/stm32l5xx_hal_pwr_ex.o

.debug_aranges  0x00000000      0x728
 .debug_aranges
                0x00000000       0x20 ./Core/Src/dma.o
 .debug_aranges
                0x00000020       0x20 ./Core/Src/gpio.o
 .debug_aranges
                0x00000040       0x20 ./Core/Src/gtzc_s.o
 .debug_aranges
                0x00000060       0x30 ./Core/Src/main.o
 .debug_aranges
                0x00000090       0x20 ./Core/Src/secure_nsc.o
 .debug_aranges
                0x000000b0       0x20 ./Core/Src/stm32l5xx_hal_msp.o
 .debug_aranges
                0x000000d0       0x68 ./Core/Src/stm32l5xx_it.o
 .debug_aranges
                0x00000138       0x38 ./Core/Src/system_stm32l5xx_s.o
 .debug_aranges
                0x00000170       0x28 ./Core/Startup/startup_stm32l552zetxq.o
 .debug_aranges
                0x00000198      0x140 ./Drivers/STM32L5xx_HAL_Driver/stm32l5xx_hal.o
 .debug_aranges
                0x000002d8      0x170 ./Drivers/STM32L5xx_HAL_Driver/stm32l5xx_hal_cortex.o
 .debug_aranges
                0x00000448       0x70 ./Drivers/STM32L5xx_HAL_Driver/stm32l5xx_hal_gpio.o
 .debug_aranges
                0x000004b8       0xb8 ./Drivers/STM32L5xx_HAL_Driver/stm32l5xx_hal_gtzc.o
 .debug_aranges
                0x00000570      0x1b8 ./Drivers/STM32L5xx_HAL_Driver/stm32l5xx_hal_pwr_ex.o

.debug_rnglists
                0x00000000      0x538
 .debug_rnglists
                0x00000000       0x13 ./Core/Src/dma.o
 .debug_rnglists
                0x00000013       0x13 ./Core/Src/gpio.o
 .debug_rnglists
                0x00000026       0x14 ./Core/Src/gtzc_s.o
 .debug_rnglists
                0x0000003a       0x20 ./Core/Src/main.o
 .debug_rnglists
                0x0000005a       0x14 ./Core/Src/secure_nsc.o
 .debug_rnglists
                0x0000006e       0x13 ./Core/Src/stm32l5xx_hal_msp.o
 .debug_rnglists
                0x00000081       0x49 ./Core/Src/stm32l5xx_it.o
 .debug_rnglists
                0x000000ca       0x28 ./Core/Src/system_stm32l5xx_s.o
 .debug_rnglists
                0x000000f2       0x19 ./Core/Startup/startup_stm32l552zetxq.o
 .debug_rnglists
                0x0000010b       0xeb ./Drivers/STM32L5xx_HAL_Driver/stm32l5xx_hal.o
 .debug_rnglists
                0x000001f6      0x10f ./Drivers/STM32L5xx_HAL_Driver/stm32l5xx_hal_cortex.o
 .debug_rnglists
                0x00000305       0x51 ./Drivers/STM32L5xx_HAL_Driver/stm32l5xx_hal_gpio.o
 .debug_rnglists
                0x00000356       0x94 ./Drivers/STM32L5xx_HAL_Driver/stm32l5xx_hal_gtzc.o
 .debug_rnglists
                0x000003ea      0x14e ./Drivers/STM32L5xx_HAL_Driver/stm32l5xx_hal_pwr_ex.o

.debug_macro    0x00000000    0x27156
 .debug_macro   0x00000000      0x1f8 ./Core/Src/dma.o
 .debug_macro   0x000001f8      0xaba ./Core/Src/dma.o
 .debug_macro   0x00000cb2       0x16 ./Core/Src/dma.o
 .debug_macro   0x00000cc8      0x190 ./Core/Src/dma.o
 .debug_macro   0x00000e58      0x189 ./Core/Src/dma.o
 .debug_macro   0x00000fe1       0x63 ./Core/Src/dma.o
 .debug_macro   0x00001044       0x2e ./Core/Src/dma.o
 .debug_macro   0x00001072       0x42 ./Core/Src/dma.o
 .debug_macro   0x000010b4       0x22 ./Core/Src/dma.o
 .debug_macro   0x000010d6       0x8e ./Core/Src/dma.o
 .debug_macro   0x00001164       0x51 ./Core/Src/dma.o
 .debug_macro   0x000011b5      0x103 ./Core/Src/dma.o
 .debug_macro   0x000012b8       0x6a ./Core/Src/dma.o
 .debug_macro   0x00001322      0x1df ./Core/Src/dma.o
 .debug_macro   0x00001501       0x1c ./Core/Src/dma.o
 .debug_macro   0x0000151d       0x29 ./Core/Src/dma.o
 .debug_macro   0x00001546       0xfb ./Core/Src/dma.o
 .debug_macro   0x00001641     0x1486 ./Core/Src/dma.o
 .debug_macro   0x00002ac7       0x5e ./Core/Src/dma.o
 .debug_macro   0x00002b25    0x1aca2 ./Core/Src/dma.o
 .debug_macro   0x0001d7c7       0x6c ./Core/Src/dma.o
 .debug_macro   0x0001d833     0x353c ./Core/Src/dma.o
 .debug_macro   0x00020d6f       0x5d ./Core/Src/dma.o
 .debug_macro   0x00020dcc     0x1995 ./Core/Src/dma.o
 .debug_macro   0x00022761      0xa52 ./Core/Src/dma.o
 .debug_macro   0x000231b3      0x1e4 ./Core/Src/dma.o
 .debug_macro   0x00023397      0x1d8 ./Core/Src/dma.o
 .debug_macro   0x0002356f      0x50b ./Core/Src/dma.o
 .debug_macro   0x00023a7a      0x1ab ./Core/Src/dma.o
 .debug_macro   0x00023c25       0x4a ./Core/Src/dma.o
 .debug_macro   0x00023c6f      0x1b9 ./Core/Src/dma.o
 .debug_macro   0x00023e28      0x23e ./Core/Src/dma.o
 .debug_macro   0x00024066      0x432 ./Core/Src/dma.o
 .debug_macro   0x00024498       0x4f ./Core/Src/dma.o
 .debug_macro   0x000244e7      0x131 ./Core/Src/dma.o
 .debug_macro   0x00024618      0x325 ./Core/Src/dma.o
 .debug_macro   0x0002493d      0x22c ./Core/Src/dma.o
 .debug_macro   0x00024b69       0x5b ./Core/Src/dma.o
 .debug_macro   0x00024bc4       0xa5 ./Core/Src/dma.o
 .debug_macro   0x00024c69       0xc9 ./Core/Src/dma.o
 .debug_macro   0x00024d32      0x1a7 ./Core/Src/dma.o
 .debug_macro   0x00024ed9      0x487 ./Core/Src/dma.o
 .debug_macro   0x00025360      0x445 ./Core/Src/dma.o
 .debug_macro   0x000257a5      0x1f8 ./Core/Src/gpio.o
 .debug_macro   0x0002599d      0x1f8 ./Core/Src/gtzc_s.o
 .debug_macro   0x00025b95      0x216 ./Core/Src/main.o
 .debug_macro   0x00025dab      0x1f8 ./Core/Src/secure_nsc.o
 .debug_macro   0x00025fa3      0x1ee ./Core/Src/stm32l5xx_hal_msp.o
 .debug_macro   0x00026191      0x1f8 ./Core/Src/stm32l5xx_it.o
 .debug_macro   0x00026389      0x1fe ./Core/Src/system_stm32l5xx_s.o
 .debug_macro   0x00026587      0x17e ./Core/Src/system_stm32l5xx_s.o
 .debug_macro   0x00026705      0x215 ./Drivers/STM32L5xx_HAL_Driver/stm32l5xx_hal.o
 .debug_macro   0x0002691a      0x1e5 ./Drivers/STM32L5xx_HAL_Driver/stm32l5xx_hal_cortex.o
 .debug_macro   0x00026aff      0x1eb ./Drivers/STM32L5xx_HAL_Driver/stm32l5xx_hal_gpio.o
 .debug_macro   0x00026cea      0x257 ./Drivers/STM32L5xx_HAL_Driver/stm32l5xx_hal_gtzc.o
 .debug_macro   0x00026f41      0x215 ./Drivers/STM32L5xx_HAL_Driver/stm32l5xx_hal_pwr_ex.o

.debug_line     0x00000000     0x8a45
 .debug_line    0x00000000      0x77e ./Core/Src/dma.o
 .debug_line    0x0000077e      0x781 ./Core/Src/gpio.o
 .debug_line    0x00000eff      0x7ce ./Core/Src/gtzc_s.o
 .debug_line    0x000016cd      0x7fd ./Core/Src/main.o
 .debug_line    0x00001eca      0x7b3 ./Core/Src/secure_nsc.o
 .debug_line    0x0000267d      0x785 ./Core/Src/stm32l5xx_hal_msp.o
 .debug_line    0x00002e02      0x85f ./Core/Src/stm32l5xx_it.o
 .debug_line    0x00003661      0x8d6 ./Core/Src/system_stm32l5xx_s.o
 .debug_line    0x00003f37       0x79 ./Core/Startup/startup_stm32l552zetxq.o
 .debug_line    0x00003fb0      0xc34 ./Drivers/STM32L5xx_HAL_Driver/stm32l5xx_hal.o
 .debug_line    0x00004be4      0xf10 ./Drivers/STM32L5xx_HAL_Driver/stm32l5xx_hal_cortex.o
 .debug_line    0x00005af4      0xc7e ./Drivers/STM32L5xx_HAL_Driver/stm32l5xx_hal_gpio.o
 .debug_line    0x00006772     0x135e ./Drivers/STM32L5xx_HAL_Driver/stm32l5xx_hal_gtzc.o
 .debug_line    0x00007ad0      0xf75 ./Drivers/STM32L5xx_HAL_Driver/stm32l5xx_hal_pwr_ex.o

.debug_str      0x00000000    0xf70aa
 .debug_str     0x00000000    0xf4043 ./Core/Src/dma.o
                              0xf42ed (size before relaxing)
 .debug_str     0x000f4043       0x81 ./Core/Src/gpio.o
                              0xf4373 (size before relaxing)
 .debug_str     0x000f40c4      0x164 ./Core/Src/gtzc_s.o
                              0xf425f (size before relaxing)
 .debug_str     0x000f4228      0x19b ./Core/Src/main.o
                              0xf435e (size before relaxing)
 .debug_str     0x000f43c3       0xb6 ./Core/Src/secure_nsc.o
                              0xf419d (size before relaxing)
 .debug_str     0x000f4479       0x4d ./Core/Src/stm32l5xx_hal_msp.o
                              0xf4311 (size before relaxing)
 .debug_str     0x000f44c6       0xdd ./Core/Src/stm32l5xx_it.o
                              0xf41c4 (size before relaxing)
 .debug_str     0x000f45a3      0x6f3 ./Core/Src/system_stm32l5xx_s.o
                              0xf4a87 (size before relaxing)
 .debug_str     0x000f4c96       0x45 ./Core/Startup/startup_stm32l552zetxq.o
                                 0x88 (size before relaxing)
 .debug_str     0x000f4cdb      0xc15 ./Drivers/STM32L5xx_HAL_Driver/stm32l5xx_hal.o
                              0xf4fe6 (size before relaxing)
 .debug_str     0x000f58f0      0x47e ./Drivers/STM32L5xx_HAL_Driver/stm32l5xx_hal_cortex.o
                              0xf4e63 (size before relaxing)
 .debug_str     0x000f5d6e      0x277 ./Drivers/STM32L5xx_HAL_Driver/stm32l5xx_hal_gpio.o
                              0xf4400 (size before relaxing)
 .debug_str     0x000f5fe5      0x960 ./Drivers/STM32L5xx_HAL_Driver/stm32l5xx_hal_gtzc.o
                              0xf4b82 (size before relaxing)
 .debug_str     0x000f6945      0x765 ./Drivers/STM32L5xx_HAL_Driver/stm32l5xx_hal_pwr_ex.o
                              0xf4b82 (size before relaxing)

.comment        0x00000000       0x43
 .comment       0x00000000       0x43 ./Core/Src/dma.o
                                 0x44 (size before relaxing)
 .comment       0x00000043       0x44 ./Core/Src/gpio.o
 .comment       0x00000043       0x44 ./Core/Src/gtzc_s.o
 .comment       0x00000043       0x44 ./Core/Src/main.o
 .comment       0x00000043       0x44 ./Core/Src/stm32l5xx_hal_msp.o
 .comment       0x00000043       0x44 ./Core/Src/stm32l5xx_it.o
 .comment       0x00000043       0x44 ./Core/Src/system_stm32l5xx_s.o
 .comment       0x00000043       0x44 ./Drivers/STM32L5xx_HAL_Driver/stm32l5xx_hal.o
 .comment       0x00000043       0x44 ./Drivers/STM32L5xx_HAL_Driver/stm32l5xx_hal_cortex.o
 .comment       0x00000043       0x44 ./Drivers/STM32L5xx_HAL_Driver/stm32l5xx_hal_gpio.o
 .comment       0x00000043       0x44 ./Drivers/STM32L5xx_HAL_Driver/stm32l5xx_hal_gtzc.o
 .comment       0x00000043       0x44 ./Drivers/STM32L5xx_HAL_Driver/stm32l5xx_hal_pwr_ex.o

.debug_frame    0x00000000     0x1a90
 .debug_frame   0x00000000       0x38 ./Core/Src/dma.o
 .debug_frame   0x00000038       0x34 ./Core/Src/gpio.o
 .debug_frame   0x0000006c       0x34 ./Core/Src/gtzc_s.o
 .debug_frame   0x000000a0       0x6c ./Core/Src/main.o
 .debug_frame   0x0000010c       0x38 ./Core/Src/secure_nsc.o
 .debug_frame   0x00000144       0x34 ./Core/Src/stm32l5xx_hal_msp.o
 .debug_frame   0x00000178      0x11c ./Core/Src/stm32l5xx_it.o
 .debug_frame   0x00000294       0x98 ./Core/Src/system_stm32l5xx_s.o
 .debug_frame   0x0000032c      0x4f4 ./Drivers/STM32L5xx_HAL_Driver/stm32l5xx_hal.o
 .debug_frame   0x00000820      0x638 ./Drivers/STM32L5xx_HAL_Driver/stm32l5xx_hal_cortex.o
 .debug_frame   0x00000e58      0x1c4 ./Drivers/STM32L5xx_HAL_Driver/stm32l5xx_hal_gpio.o
 .debug_frame   0x0000101c      0x32c ./Drivers/STM32L5xx_HAL_Driver/stm32l5xx_hal_gtzc.o
 .debug_frame   0x00001348      0x6fc ./Drivers/STM32L5xx_HAL_Driver/stm32l5xx_hal_pwr_ex.o
 .debug_frame   0x00001a44       0x20 C:/ST/STM32CubeIDE_1.15.0/STM32CubeIDE/plugins/com.st.stm32cube.ide.mcu.externaltools.gnu-tools-for-stm32.12.3.rel1.win32_1.0.100.202403111256/tools/bin/../lib/gcc/arm-none-eabi/12.3.1/../../../../arm-none-eabi/lib/thumb/v8-m.main+fp/hard\libc_nano.a(libc_a-memset.o)
 .debug_frame   0x00001a64       0x2c C:/ST/STM32CubeIDE_1.15.0/STM32CubeIDE/plugins/com.st.stm32cube.ide.mcu.externaltools.gnu-tools-for-stm32.12.3.rel1.win32_1.0.100.202403111256/tools/bin/../lib/gcc/arm-none-eabi/12.3.1/../../../../arm-none-eabi/lib/thumb/v8-m.main+fp/hard\libc_nano.a(libc_a-init.o)

.debug_line_str
                0x00000000       0x6c
 .debug_line_str
                0x00000000       0x6c ./Core/Startup/startup_stm32l552zetxq.o
