../Core/Src/main.c:215:5:__io_putchar	16	static
../Core/Src/main.c:221:35:victim_1_NS	24	static
../Core/Src/main.c:232:35:victim_2_NS	24	static
../Core/Src/main.c:259:35:victim_	4	static
../Core/Src/main.c:269:35:get_accurate_trace	24	static,ignoring_inline_asm
../Core/Src/main.c:313:35:process_accurate_collision	24	static
../Core/Src/main.c:326:35:accurate_trace	16	static
../Core/Src/main.c:335:35:measure_time	32	static,ignoring_inline_asm
../Core/Src/main.c:352:35:measure_time_old	16	static
../Core/Src/main.c:374:5:main	8	static
../Core/Src/main.c:428:6:SystemClock_Config	104	static
../Core/Src/main.c:482:6:Error_Handler	4	static,ignoring_inline_asm
