Archive member included to satisfy reference by file (symbol)

C:/ST/STM32CubeIDE_1.15.0/STM32CubeIDE/plugins/com.st.stm32cube.ide.mcu.externaltools.gnu-tools-for-stm32.12.3.rel1.win32_1.0.100.202403111256/tools/bin/../lib/gcc/arm-none-eabi/12.3.1/../../../../arm-none-eabi/lib/thumb/v8-m.main+fp/hard\libc_nano.a(libc_a-exit.o)
                              C:/ST/STM32CubeIDE_1.15.0/STM32CubeIDE/plugins/com.st.stm32cube.ide.mcu.externaltools.gnu-tools-for-stm32.12.3.rel1.win32_1.0.100.202403111256/tools/bin/../lib/gcc/arm-none-eabi/12.3.1/../../../../arm-none-eabi/lib/thumb/v8-m.main+fp/hard/crt0.o (exit)
C:/ST/STM32CubeIDE_1.15.0/STM32CubeIDE/plugins/com.st.stm32cube.ide.mcu.externaltools.gnu-tools-for-stm32.12.3.rel1.win32_1.0.100.202403111256/tools/bin/../lib/gcc/arm-none-eabi/12.3.1/../../../../arm-none-eabi/lib/thumb/v8-m.main+fp/hard\libc_nano.a(libc_a-findfp.o)
                              C:/ST/STM32CubeIDE_1.15.0/STM32CubeIDE/plugins/com.st.stm32cube.ide.mcu.externaltools.gnu-tools-for-stm32.12.3.rel1.win32_1.0.100.202403111256/tools/bin/../lib/gcc/arm-none-eabi/12.3.1/../../../../arm-none-eabi/lib/thumb/v8-m.main+fp/hard\libc_nano.a(libc_a-exit.o) (__stdio_exit_handler)
C:/ST/STM32CubeIDE_1.15.0/STM32CubeIDE/plugins/com.st.stm32cube.ide.mcu.externaltools.gnu-tools-for-stm32.12.3.rel1.win32_1.0.100.202403111256/tools/bin/../lib/gcc/arm-none-eabi/12.3.1/../../../../arm-none-eabi/lib/thumb/v8-m.main+fp/hard\libc_nano.a(libc_a-fwalk.o)
                              C:/ST/STM32CubeIDE_1.15.0/STM32CubeIDE/plugins/com.st.stm32cube.ide.mcu.externaltools.gnu-tools-for-stm32.12.3.rel1.win32_1.0.100.202403111256/tools/bin/../lib/gcc/arm-none-eabi/12.3.1/../../../../arm-none-eabi/lib/thumb/v8-m.main+fp/hard\libc_nano.a(libc_a-findfp.o) (_fwalk_sglue)
C:/ST/STM32CubeIDE_1.15.0/STM32CubeIDE/plugins/com.st.stm32cube.ide.mcu.externaltools.gnu-tools-for-stm32.12.3.rel1.win32_1.0.100.202403111256/tools/bin/../lib/gcc/arm-none-eabi/12.3.1/../../../../arm-none-eabi/lib/thumb/v8-m.main+fp/hard\libc_nano.a(libc_a-printf.o)
                              ./Core/Src/main.o (printf)
C:/ST/STM32CubeIDE_1.15.0/STM32CubeIDE/plugins/com.st.stm32cube.ide.mcu.externaltools.gnu-tools-for-stm32.12.3.rel1.win32_1.0.100.202403111256/tools/bin/../lib/gcc/arm-none-eabi/12.3.1/../../../../arm-none-eabi/lib/thumb/v8-m.main+fp/hard\libc_nano.a(libc_a-puts.o)
                              ./Core/Src/main.o (puts)
C:/ST/STM32CubeIDE_1.15.0/STM32CubeIDE/plugins/com.st.stm32cube.ide.mcu.externaltools.gnu-tools-for-stm32.12.3.rel1.win32_1.0.100.202403111256/tools/bin/../lib/gcc/arm-none-eabi/12.3.1/../../../../arm-none-eabi/lib/thumb/v8-m.main+fp/hard\libc_nano.a(libc_a-stdio.o)
                              C:/ST/STM32CubeIDE_1.15.0/STM32CubeIDE/plugins/com.st.stm32cube.ide.mcu.externaltools.gnu-tools-for-stm32.12.3.rel1.win32_1.0.100.202403111256/tools/bin/../lib/gcc/arm-none-eabi/12.3.1/../../../../arm-none-eabi/lib/thumb/v8-m.main+fp/hard\libc_nano.a(libc_a-findfp.o) (__sread)
C:/ST/STM32CubeIDE_1.15.0/STM32CubeIDE/plugins/com.st.stm32cube.ide.mcu.externaltools.gnu-tools-for-stm32.12.3.rel1.win32_1.0.100.202403111256/tools/bin/../lib/gcc/arm-none-eabi/12.3.1/../../../../arm-none-eabi/lib/thumb/v8-m.main+fp/hard\libc_nano.a(libc_a-wbuf.o)
                              C:/ST/STM32CubeIDE_1.15.0/STM32CubeIDE/plugins/com.st.stm32cube.ide.mcu.externaltools.gnu-tools-for-stm32.12.3.rel1.win32_1.0.100.202403111256/tools/bin/../lib/gcc/arm-none-eabi/12.3.1/../../../../arm-none-eabi/lib/thumb/v8-m.main+fp/hard\libc_nano.a(libc_a-puts.o) (__swbuf_r)
C:/ST/STM32CubeIDE_1.15.0/STM32CubeIDE/plugins/com.st.stm32cube.ide.mcu.externaltools.gnu-tools-for-stm32.12.3.rel1.win32_1.0.100.202403111256/tools/bin/../lib/gcc/arm-none-eabi/12.3.1/../../../../arm-none-eabi/lib/thumb/v8-m.main+fp/hard\libc_nano.a(libc_a-wsetup.o)
                              C:/ST/STM32CubeIDE_1.15.0/STM32CubeIDE/plugins/com.st.stm32cube.ide.mcu.externaltools.gnu-tools-for-stm32.12.3.rel1.win32_1.0.100.202403111256/tools/bin/../lib/gcc/arm-none-eabi/12.3.1/../../../../arm-none-eabi/lib/thumb/v8-m.main+fp/hard\libc_nano.a(libc_a-puts.o) (__swsetup_r)
C:/ST/STM32CubeIDE_1.15.0/STM32CubeIDE/plugins/com.st.stm32cube.ide.mcu.externaltools.gnu-tools-for-stm32.12.3.rel1.win32_1.0.100.202403111256/tools/bin/../lib/gcc/arm-none-eabi/12.3.1/../../../../arm-none-eabi/lib/thumb/v8-m.main+fp/hard\libc_nano.a(libc_a-memset.o)
                              C:/ST/STM32CubeIDE_1.15.0/STM32CubeIDE/plugins/com.st.stm32cube.ide.mcu.externaltools.gnu-tools-for-stm32.12.3.rel1.win32_1.0.100.202403111256/tools/bin/../lib/gcc/arm-none-eabi/12.3.1/../../../../arm-none-eabi/lib/thumb/v8-m.main+fp/hard/crt0.o (memset)
C:/ST/STM32CubeIDE_1.15.0/STM32CubeIDE/plugins/com.st.stm32cube.ide.mcu.externaltools.gnu-tools-for-stm32.12.3.rel1.win32_1.0.100.202403111256/tools/bin/../lib/gcc/arm-none-eabi/12.3.1/../../../../arm-none-eabi/lib/thumb/v8-m.main+fp/hard\libc_nano.a(libc_a-closer.o)
[...]
Memory Configuration

Name             Origin             Length             Attributes
RAM              0x20018000         0x00018000         xrw
RAM2             0x20030000         0x00010000         xrw
FLASH            0x08040000         0x00040000         xr
*default*        0x00000000         0xffffffff

Linker script and memory map

LOAD C:/ST/STM32CubeIDE_1.15.0/STM32CubeIDE/plugins/com.st.stm32cube.ide.mcu.externaltools.gnu-tools-for-stm32.12.3.rel1.win32_1.0.100.202403111256/tools/bin/../lib/gcc/arm-none-eabi/12.3.1/thumb/v8-m.main+fp/hard/crti.o
LOAD C:/ST/STM32CubeIDE_1.15.0/STM32CubeIDE/plugins/com.st.stm32cube.ide.mcu.externaltools.gnu-tools-for-stm32.12.3.rel1.win32_1.0.100.202403111256/tools/bin/../lib/gcc/arm-none-eabi/12.3.1/thumb/v8-m.main+fp/hard/crtbegin.o
LOAD C:/ST/STM32CubeIDE_1.15.0/STM32CubeIDE/plugins/com.st.stm32cube.ide.mcu.externaltools.gnu-tools-for-stm32.12.3.rel1.win32_1.0.100.202403111256/tools/bin/../lib/gcc/arm-none-eabi/12.3.1/../../../../arm-none-eabi/lib/thumb/v8-m.main+fp/hard/crt0.o
LOAD ./Core/Src/dma.o
LOAD ./Core/Src/gpio.o
LOAD ./Core/Src/icache.o
LOAD ./Core/Src/main.o
LOAD ./Core/Src/stm32l5xx_hal_msp.o
LOAD ./Core/Src/stm32l5xx_it.o
LOAD ./Core/Src/syscalls.o
LOAD ./Core/Src/sysmem.o
LOAD ./Core/Src/system_stm32l5xx_ns.o
LOAD ./Core/Src/tim.o
LOAD ./Core/Src/usart.o
LOAD ./Core/Startup/startup_stm32l552zetxq.o
LOAD ./Drivers/STM32L5xx_HAL_Driver/stm32l5xx_hal.o
LOAD ./Drivers/STM32L5xx_HAL_Driver/stm32l5xx_hal_cortex.o
LOAD ./Drivers/STM32L5xx_HAL_Driver/stm32l5xx_hal_dma.o
LOAD ./Drivers/STM32L5xx_HAL_Driver/stm32l5xx_hal_dma_ex.o
LOAD ./Drivers/STM32L5xx_HAL_Driver/stm32l5xx_hal_exti.o
LOAD ./Drivers/STM32L5xx_HAL_Driver/stm32l5xx_hal_flash.o
LOAD ./Drivers/STM32L5xx_HAL_Driver/stm32l5xx_hal_flash_ex.o
LOAD ./Drivers/STM32L5xx_HAL_Driver/stm32l5xx_hal_flash_ramfunc.o
LOAD ./Drivers/STM32L5xx_HAL_Driver/stm32l5xx_hal_gpio.o
LOAD ./Drivers/STM32L5xx_HAL_Driver/stm32l5xx_hal_i2c.o
LOAD ./Drivers/STM32L5xx_HAL_Driver/stm32l5xx_hal_i2c_ex.o
LOAD ./Drivers/STM32L5xx_HAL_Driver/stm32l5xx_hal_icache.o
LOAD ./Drivers/STM32L5xx_HAL_Driver/stm32l5xx_hal_pwr.o
LOAD ./Drivers/STM32L5xx_HAL_Driver/stm32l5xx_hal_pwr_ex.o
LOAD ./Drivers/STM32L5xx_HAL_Driver/stm32l5xx_hal_rcc.o
LOAD ./Drivers/STM32L5xx_HAL_Driver/stm32l5xx_hal_rcc_ex.o
LOAD ./Drivers/STM32L5xx_HAL_Driver/stm32l5xx_hal_tim.o
LOAD ./Drivers/STM32L5xx_HAL_Driver/stm32l5xx_hal_tim_ex.o
LOAD ./Drivers/STM32L5xx_HAL_Driver/stm32l5xx_hal_uart.o
LOAD ./Drivers/STM32L5xx_HAL_Driver/stm32l5xx_hal_uart_ex.o
LOAD C:/Users/asus/STM32CubeIDE/workspace_1.15.0/L5-SR_Win/Secure/Debug/secure_nsclib.o
START GROUP
LOAD C:/ST/STM32CubeIDE_1.15.0/STM32CubeIDE/plugins/com.st.stm32cube.ide.mcu.externaltools.gnu-tools-for-stm32.12.3.rel1.win32_1.0.100.202403111256/tools/bin/../lib/gcc/arm-none-eabi/12.3.1/../../../../arm-none-eabi/lib/thumb/v8-m.main+fp/hard\libc_nano.a
LOAD C:/ST/STM32CubeIDE_1.15.0/STM32CubeIDE/plugins/com.st.stm32cube.ide.mcu.externaltools.gnu-tools-for-stm32.12.3.rel1.win32_1.0.100.202403111256/tools/bin/../lib/gcc/arm-none-eabi/12.3.1/../../../../arm-none-eabi/lib/thumb/v8-m.main+fp/hard\libm.a
END GROUP
START GROUP
LOAD C:/ST/STM32CubeIDE_1.15.0/STM32CubeIDE/plugins/com.st.stm32cube.ide.mcu.externaltools.gnu-tools-for-stm32.12.3.rel1.win32_1.0.100.202403111256/tools/bin/../lib/gcc/arm-none-eabi/12.3.1/thumb/v8-m.main+fp/hard\libgcc.a
LOAD C:/ST/STM32CubeIDE_1.15.0/STM32CubeIDE/plugins/com.st.stm32cube.ide.mcu.externaltools.gnu-tools-for-stm32.12.3.rel1.win32_1.0.100.202403111256/tools/bin/../lib/gcc/arm-none-eabi/12.3.1/../../../../arm-none-eabi/lib/thumb/v8-m.main+fp/hard\libc_nano.a
END GROUP
START GROUP
LOAD C:/ST/STM32CubeIDE_1.15.0/STM32CubeIDE/plugins/com.st.stm32cube.ide.mcu.externaltools.gnu-tools-for-stm32.12.3.rel1.win32_1.0.100.202403111256/tools/bin/../lib/gcc/arm-none-eabi/12.3.1/thumb/v8-m.main+fp/hard\libgcc.a
LOAD C:/ST/STM32CubeIDE_1.15.0/STM32CubeIDE/plugins/com.st.stm32cube.ide.mcu.externaltools.gnu-tools-for-stm32.12.3.rel1.win32_1.0.100.202403111256/tools/bin/../lib/gcc/arm-none-eabi/12.3.1/../../../../arm-none-eabi/lib/thumb/v8-m.main+fp/hard\libc_nano.a
LOAD C:/ST/STM32CubeIDE_1.15.0/STM32CubeIDE/plugins/com.st.stm32cube.ide.mcu.externaltools.gnu-tools-for-stm32.12.3.rel1.win32_1.0.100.202403111256/tools/bin/../lib/gcc/arm-none-eabi/12.3.1/../../../../arm-none-eabi/lib/thumb/v8-m.main+fp/hard\libnosys.a
END GROUP
START GROUP
LOAD C:/ST/STM32CubeIDE_1.15.0/STM32CubeIDE/plugins/com.st.stm32cube.ide.mcu.externaltools.gnu-tools-for-stm32.12.3.rel1.win32_1.0.100.202403111256/tools/bin/../lib/gcc/arm-none-eabi/12.3.1/thumb/v8-m.main+fp/hard\libgcc.a
LOAD C:/ST/STM32CubeIDE_1.15.0/STM32CubeIDE/plugins/com.st.stm32cube.ide.mcu.externaltools.gnu-tools-for-stm32.12.3.rel1.win32_1.0.100.202403111256/tools/bin/../lib/gcc/arm-none-eabi/12.3.1/../../../../arm-none-eabi/lib/thumb/v8-m.main+fp/hard\libc_nano.a
LOAD C:/ST/STM32CubeIDE_1.15.0/STM32CubeIDE/plugins/com.st.stm32cube.ide.mcu.externaltools.gnu-tools-for-stm32.12.3.rel1.win32_1.0.100.202403111256/tools/bin/../lib/gcc/arm-none-eabi/12.3.1/../../../../arm-none-eabi/lib/thumb/v8-m.main+fp/hard\libnosys.a
END GROUP
LOAD C:/ST/STM32CubeIDE_1.15.0/STM32CubeIDE/plugins/com.st.stm32cube.ide.mcu.externaltools.gnu-tools-for-stm32.12.3.rel1.win32_1.0.100.202403111256/tools/bin/../lib/gcc/arm-none-eabi/12.3.1/thumb/v8-m.main+fp/hard/crtend.o
LOAD C:/ST/STM32CubeIDE_1.15.0/STM32CubeIDE/plugins/com.st.stm32cube.ide.mcu.externaltools.gnu-tools-for-stm32.12.3.rel1.win32_1.0.100.202403111256/tools/bin/../lib/gcc/arm-none-eabi/12.3.1/thumb/v8-m.main+fp/hard/crtn.o
                0x20030000                        _estack = (ORIGIN (RAM) + LENGTH (RAM))
                0x00000200                        _Min_Heap_Size = 0x200
                0x00000400                        _Min_Stack_Size = 0x400

.isr_vector     0x08040000      0x1f4
                0x08040000                        . = ALIGN (0x4)
 *(.isr_vector)
 .isr_vector    0x08040000      0x1f4 ./Core/Startup/startup_stm32l552zetxq.o
                0x08040000                g_pfnVectors
                0x080401f4                        . = ALIGN (0x4)

.text           0x080401f8     0x5fb0
                0x080401f8                        . = ALIGN (0x4)
 *(.text)
 .text          0x080401f8       0x40 C:/ST/STM32CubeIDE_1.15.0/STM32CubeIDE/plugins/com.st.stm32cube.ide.mcu.externaltools.gnu-tools-for-stm32.12.3.rel1.win32_1.0.100.202403111256/tools/bin/../lib/gcc/arm-none-eabi/12.3.1/thumb/v8-m.main+fp/hard/crtbegin.o
 .text          0x08040238       0x30 C:/ST/STM32CubeIDE_1.15.0/STM32CubeIDE/plugins/com.st.stm32cube.ide.mcu.externaltools.gnu-tools-for-stm32.12.3.rel1.win32_1.0.100.202403111256/tools/bin/../lib/gcc/arm-none-eabi/12.3.1/thumb/v8-m.main+fp/hard\libgcc.a(_aeabi_uldivmod.o)
                0x08040238                __aeabi_uldivmod
 .text          0x08040268      0x2e4 C:/ST/STM32CubeIDE_1.15.0/STM32CubeIDE/plugins/com.st.stm32cube.ide.mcu.externaltools.gnu-tools-for-stm32.12.3.rel1.win32_1.0.100.202403111256/tools/bin/../lib/gcc/arm-none-eabi/12.3.1/thumb/v8-m.main+fp/hard\libgcc.a(_udivmoddi4.o)
                0x08040268                __udivmoddi4
 .text          0x0804054c        0x4 C:/ST/STM32CubeIDE_1.15.0/STM32CubeIDE/plugins/com.st.stm32cube.ide.mcu.externaltools.gnu-tools-for-stm32.12.3.rel1.win32_1.0.100.202403111256/tools/bin/../lib/gcc/arm-none-eabi/12.3.1/thumb/v8-m.main+fp/hard\libgcc.a(_dvmd_tls.o)
                0x0804054c                __aeabi_idiv0
                0x0804054c                __aeabi_ldiv0
 *(.text*)
 .text.MX_DMA_Init
                0x08040550       0x54 ./Core/Src/dma.o
                0x08040550                MX_DMA_Init
 .text.MX_GPIO_Init
                0x080405a4       0x30 ./Core/Src/gpio.o
                0x080405a4                MX_GPIO_Init
 .text.MX_ICACHE_Init
                0x080405d4        0xe ./Core/Src/icache.o
                0x080405d4                MX_ICACHE_Init
 *fill*         0x080405e2        0x2 
 .text.__io_putchar
                0x080405e4       0x24 ./Core/Src/main.o
                0x080405e4                __io_putchar
 .text.victim_  0x08040608       0x2c ./Core/Src/main.o
                0x08040608                victim_
 .text.get_accurate_trace
                0x08040634      0x6b0 ./Core/Src/main.o
                0x08040634                get_accurate_trace
 .text.process_accurate_collision
                0x08040ce4       0x2c ./Core/Src/main.o
                0x08040ce4                process_accurate_collision
 .text.accurate_trace
                0x08040d10       0x44 ./Core/Src/main.o
                0x08040d10                accurate_trace
 .text.measure_time_old
                0x08040d54       0x64 ./Core/Src/main.o
                0x08040d54                measure_time_old
 .text.main     0x08040db8       0x3c ./Core/Src/main.o
                0x08040db8                main
 .text.SystemClock_Config
                0x08040df4       0xa2 ./Core/Src/main.o
                0x08040df4                SystemClock_Config
 .text.Error_Handler
                0x08040e96        0xc ./Core/Src/main.o
                0x08040e96                Error_Handler
 *fill*         0x08040ea2        0x2 
 .text.HAL_MspInit
                0x08040ea4       0x48 ./Core/Src/stm32l5xx_hal_msp.o
                0x08040ea4                HAL_MspInit
 .text.MemManage_Handler
                0x08040eec        0x8 ./Core/Src/stm32l5xx_it.o
                0x08040eec                MemManage_Handler
 .text.UsageFault_Handler
                0x08040ef4        0x8 ./Core/Src/stm32l5xx_it.o
                0x08040ef4                UsageFault_Handler
 .text.SVC_Handler
                0x08040efc        0xe ./Core/Src/stm32l5xx_it.o
                0x08040efc                SVC_Handler
 .text.PendSV_Handler
                0x08040f0a        0xe ./Core/Src/stm32l5xx_it.o
                0x08040f0a                PendSV_Handler
 .text.SysTick_Handler
                0x08040f18        0xc ./Core/Src/stm32l5xx_it.o
                0x08040f18                SysTick_Handler
 .text.DMA1_Channel1_IRQHandler
                0x08040f24       0x14 ./Core/Src/stm32l5xx_it.o
                0x08040f24                DMA1_Channel1_IRQHandler
 .text._read    0x08040f38       0x3a ./Core/Src/syscalls.o
                0x08040f38                _read
 .text._write   0x08040f72       0x38 ./Core/Src/syscalls.o
                0x08040f72                _write
 .text._close   0x08040faa       0x18 ./Core/Src/syscalls.o
                0x08040faa                _close
 .text._fstat   0x08040fc2       0x20 ./Core/Src/syscalls.o
                0x08040fc2                _fstat
 .text._isatty  0x08040fe2       0x16 ./Core/Src/syscalls.o
                0x08040fe2                _isatty
 .text._lseek   0x08040ff8       0x1a ./Core/Src/syscalls.o
                0x08040ff8                _lseek
 *fill*         0x08041012        0x2 
 .text._sbrk    0x08041014       0x6c ./Core/Src/sysmem.o
                0x08041014                _sbrk
 .text.SystemInit
                0x08041080        0xe ./Core/Src/system_stm32l5xx_ns.o
                0x08041080                SystemInit
 *fill*         0x0804108e        0x2 
 .text.SystemCoreClockUpdate
                0x08041090       0x18 ./Core/Src/system_stm32l5xx_ns.o
                0x08041090                SystemCoreClockUpdate
 .text.MX_TIM1_Init
                0x080410a8       0xb8 ./Core/Src/tim.o
                0x080410a8                MX_TIM1_Init
 .text.MX_TIM2_Init
                0x08041160       0xc8 ./Core/Src/tim.o
                0x08041160                MX_TIM2_Init
 .text.HAL_TIM_Base_MspInit
                0x08041228       0xd0 ./Core/Src/tim.o
                0x08041228                HAL_TIM_Base_MspInit
 .text.MX_LPUART1_UART_Init
                0x080412f8       0x98 ./Core/Src/usart.o
                0x080412f8                MX_LPUART1_UART_Init
 .text.HAL_UART_MspInit
                0x08041390       0xc0 ./Core/Src/usart.o
                0x08041390                HAL_UART_MspInit
 .text.Reset_Handler
                0x08041450       0x50 ./Core/Startup/startup_stm32l552zetxq.o
                0x08041450                Reset_Handler
 .text.Default_Handler
                0x080414a0        0x2 ./Core/Startup/startup_stm32l552zetxq.o
                0x080414a0                EXTI2_IRQHandler
                0x080414a0                TIM8_TRG_COM_IRQHandler
                0x080414a0                TIM8_CC_IRQHandler
                0x080414a0                EXTI5_IRQHandler
                0x080414a0                DebugMon_Handler
                0x080414a0                FLASH_S_IRQHandler
                0x080414a0                EXTI13_IRQHandler
                0x080414a0                TIM1_CC_IRQHandler
                0x080414a0                TSC_IRQHandler
                0x080414a0                HardFault_Handler
                0x080414a0                TAMP_IRQHandler
                0x080414a0                TIM6_IRQHandler
                0x080414a0                EXTI12_IRQHandler
                0x080414a0                DMA2_Channel8_IRQHandler
                0x080414a0                NMI_Handler
                0x080414a0                EXTI3_IRQHandler
                0x080414a0                EXTI8_IRQHandler
                0x080414a0                LPTIM2_IRQHandler
                0x080414a0                DFSDM1_FLT1_IRQHandler
                0x080414a0                USB_FS_IRQHandler
                0x080414a0                I2C3_ER_IRQHandler
                0x080414a0                DFSDM1_FLT2_IRQHandler
                0x080414a0                DMAMUX1_IRQHandler
                0x080414a0                LPTIM3_IRQHandler
                0x080414a0                EXTI0_IRQHandler
                0x080414a0                I2C2_EV_IRQHandler
                0x080414a0                FPU_IRQHandler
                0x080414a0                FDCAN1_IT1_IRQHandler
                0x080414a0                ADC1_2_IRQHandler
                0x080414a0                SPI1_IRQHandler
                0x080414a0                OCTOSPI1_IRQHandler
                0x080414a0                TIM8_UP_IRQHandler
                0x080414a0                RCC_S_IRQHandler
                0x080414a0                DMA2_Channel2_IRQHandler
                0x080414a0                DMA1_Channel4_IRQHandler
                0x080414a0                SAI2_IRQHandler
                0x080414a0                DFSDM1_FLT3_IRQHandler
                0x080414a0                EXTI15_IRQHandler
                0x080414a0                TIM17_IRQHandler
                0x080414a0                USART3_IRQHandler
                0x080414a0                RTC_IRQHandler
                0x080414a0                EXTI9_IRQHandler
                0x080414a0                DMA1_Channel7_IRQHandler
                0x080414a0                UART5_IRQHandler
                0x080414a0                TIM4_IRQHandler
                0x080414a0                DMA2_Channel1_IRQHandler
                0x080414a0                I2C1_EV_IRQHandler
                0x080414a0                DMA1_Channel6_IRQHandler
                0x080414a0                TIM16_IRQHandler
                0x080414a0                UART4_IRQHandler
                0x080414a0                DMA2_Channel4_IRQHandler
                0x080414a0                SecureFault_Handler
                0x080414a0                TIM3_IRQHandler
                0x080414a0                RCC_IRQHandler
                0x080414a0                TIM1_TRG_COM_IRQHandler
                0x080414a0                Default_Handler
                0x080414a0                DMA2_Channel7_IRQHandler
                0x080414a0                DMA1_Channel8_IRQHandler
                0x080414a0                TIM7_IRQHandler
                0x080414a0                SDMMC1_IRQHandler
                0x080414a0                TIM5_IRQHandler
                0x080414a0                UCPD1_IRQHandler
                0x080414a0                TIM15_IRQHandler
                0x080414a0                I2C3_EV_IRQHandler
                0x080414a0                PVD_PVM_IRQHandler
                0x080414a0                SPI2_IRQHandler
                0x080414a0                EXTI14_IRQHandler
                0x080414a0                EXTI11_IRQHandler
                0x080414a0                DMA2_Channel5_IRQHandler
                0x080414a0                CRS_IRQHandler
                0x080414a0                DMA1_Channel5_IRQHandler
                0x080414a0                EXTI4_IRQHandler
                0x080414a0                RTC_S_IRQHandler
                0x080414a0                RNG_IRQHandler
                0x080414a0                DMAMUX1_S_IRQHandler
                0x080414a0                DMA1_Channel3_IRQHandler
                0x080414a0                COMP_IRQHandler
                0x080414a0                TIM1_UP_IRQHandler
                0x080414a0                WWDG_IRQHandler
                0x080414a0                I2C4_EV_IRQHandler
                0x080414a0                LPUART1_IRQHandler
                0x080414a0                DMA2_Channel6_IRQHandler
                0x080414a0                FDCAN1_IT0_IRQHandler
                0x080414a0                TIM2_IRQHandler
                0x080414a0                TAMP_S_IRQHandler
                0x080414a0                EXTI7_IRQHandler
                0x080414a0                TIM1_BRK_IRQHandler
                0x080414a0                DAC_IRQHandler
                0x080414a0                EXTI1_IRQHandler
                0x080414a0                GTZC_IRQHandler
                0x080414a0                USART2_IRQHandler
                0x080414a0                DFSDM1_FLT0_IRQHandler
                0x080414a0                I2C2_ER_IRQHandler
                0x080414a0                DMA1_Channel2_IRQHandler
                0x080414a0                TIM8_BRK_IRQHandler
                0x080414a0                FLASH_IRQHandler
                0x080414a0                BusFault_Handler
                0x080414a0                USART1_IRQHandler
                0x080414a0                EXTI10_IRQHandler
                0x080414a0                SPI3_IRQHandler
                0x080414a0                I2C1_ER_IRQHandler
                0x080414a0                FMC_IRQHandler
                0x080414a0                EXTI6_IRQHandler
                0x080414a0                LPTIM1_IRQHandler
                0x080414a0                I2C4_ER_IRQHandler
                0x080414a0                ICACHE_IRQHandler
                0x080414a0                SAI1_IRQHandler
                0x080414a0                HASH_IRQHandler
                0x080414a0                DMA2_Channel3_IRQHandler
 .text.HAL_Init
                0x080414a2       0x34 ./Drivers/STM32L5xx_HAL_Driver/stm32l5xx_hal.o
                0x080414a2                HAL_Init
 *fill*         0x080414d6        0x2 
 .text.HAL_InitTick
                0x080414d8       0x78 ./Drivers/STM32L5xx_HAL_Driver/stm32l5xx_hal.o
                0x080414d8                HAL_InitTick
 .text.HAL_IncTick
                0x08041550       0x28 ./Drivers/STM32L5xx_HAL_Driver/stm32l5xx_hal.o
                0x08041550                HAL_IncTick
 .text.HAL_GetTick
                0x08041578       0x18 ./Drivers/STM32L5xx_HAL_Driver/stm32l5xx_hal.o
                0x08041578                HAL_GetTick
 .text.__NVIC_SetPriorityGrouping
                0x08041590       0x48 ./Drivers/STM32L5xx_HAL_Driver/stm32l5xx_hal_cortex.o
 .text.__NVIC_GetPriorityGrouping
                0x080415d8       0x1c ./Drivers/STM32L5xx_HAL_Driver/stm32l5xx_hal_cortex.o
 .text.__NVIC_EnableIRQ
                0x080415f4       0x3c ./Drivers/STM32L5xx_HAL_Driver/stm32l5xx_hal_cortex.o
 .text.__NVIC_SetPriority
                0x08041630       0x54 ./Drivers/STM32L5xx_HAL_Driver/stm32l5xx_hal_cortex.o
 .text.NVIC_EncodePriority
                0x08041684       0x66 ./Drivers/STM32L5xx_HAL_Driver/stm32l5xx_hal_cortex.o
 *fill*         0x080416ea        0x2 
 .text.SysTick_Config
                0x080416ec       0x44 ./Drivers/STM32L5xx_HAL_Driver/stm32l5xx_hal_cortex.o
 .text.HAL_NVIC_SetPriorityGrouping
                0x08041730       0x16 ./Drivers/STM32L5xx_HAL_Driver/stm32l5xx_hal_cortex.o
                0x08041730                HAL_NVIC_SetPriorityGrouping
 .text.HAL_NVIC_SetPriority
                0x08041746       0x34 ./Drivers/STM32L5xx_HAL_Driver/stm32l5xx_hal_cortex.o
                0x08041746                HAL_NVIC_SetPriority
 .text.HAL_NVIC_EnableIRQ
                0x0804177a       0x1c ./Drivers/STM32L5xx_HAL_Driver/stm32l5xx_hal_cortex.o
                0x0804177a                HAL_NVIC_EnableIRQ
 .text.HAL_SYSTICK_Config
                0x08041796       0x18 ./Drivers/STM32L5xx_HAL_Driver/stm32l5xx_hal_cortex.o
                0x08041796                HAL_SYSTICK_Config
 *fill*         0x080417ae        0x2 
 .text.HAL_DMA_Init
                0x080417b0      0x150 ./Drivers/STM32L5xx_HAL_Driver/stm32l5xx_hal_dma.o
                0x080417b0                HAL_DMA_Init
 .text.HAL_DMA_Start
                0x08041900       0x86 ./Drivers/STM32L5xx_HAL_Driver/stm32l5xx_hal_dma.o
                0x08041900                HAL_DMA_Start
 .text.HAL_DMA_Abort
                0x08041986       0xb8 ./Drivers/STM32L5xx_HAL_Driver/stm32l5xx_hal_dma.o
                0x08041986                HAL_DMA_Abort
 .text.HAL_DMA_IRQHandler
                0x08041a3e      0x200 ./Drivers/STM32L5xx_HAL_Driver/stm32l5xx_hal_dma.o
                0x08041a3e                HAL_DMA_IRQHandler
 .text.HAL_DMA_ConfigChannelAttributes
                0x08041c3e       0x60 ./Drivers/STM32L5xx_HAL_Driver/stm32l5xx_hal_dma.o
                0x08041c3e                HAL_DMA_ConfigChannelAttributes
 .text.DMA_SetConfig
                0x08041c9e       0x7c ./Drivers/STM32L5xx_HAL_Driver/stm32l5xx_hal_dma.o
 *fill*         0x08041d1a        0x2 
 .text.DMA_CalcDMAMUXChannelBaseAndMask
                0x08041d1c       0x7c ./Drivers/STM32L5xx_HAL_Driver/stm32l5xx_hal_dma.o
 .text.DMA_CalcDMAMUXRequestGenBaseAndMask
                0x08041d98       0x48 ./Drivers/STM32L5xx_HAL_Driver/stm32l5xx_hal_dma.o
 .text.HAL_GPIO_Init
                0x08041de0      0x300 ./Drivers/STM32L5xx_HAL_Driver/stm32l5xx_hal_gpio.o
                0x08041de0                HAL_GPIO_Init
 .text.HAL_PWREx_GetVoltageRange
                0x080420e0       0x1c ./Drivers/STM32L5xx_HAL_Driver/stm32l5xx_hal_pwr_ex.o
                0x080420e0                HAL_PWREx_GetVoltageRange
 .text.HAL_PWREx_ControlVoltageScaling
                0x080420fc       0xb8 ./Drivers/STM32L5xx_HAL_Driver/stm32l5xx_hal_pwr_ex.o
                0x080420fc                HAL_PWREx_ControlVoltageScaling
 .text.HAL_PWREx_EnableVddIO2
                0x080421b4       0x20 ./Drivers/STM32L5xx_HAL_Driver/stm32l5xx_hal_pwr_ex.o
                0x080421b4                HAL_PWREx_EnableVddIO2
 .text.HAL_PWREx_SMPS_GetEffectiveMode
                0x080421d4       0x48 ./Drivers/STM32L5xx_HAL_Driver/stm32l5xx_hal_pwr_ex.o
                0x080421d4                HAL_PWREx_SMPS_GetEffectiveMode
 .text.HAL_RCC_OscConfig
                0x0804221c      0x9ac ./Drivers/STM32L5xx_HAL_Driver/stm32l5xx_hal_rcc.o
                0x0804221c                HAL_RCC_OscConfig
 .text.HAL_RCC_ClockConfig
                0x08042bc8      0x270 ./Drivers/STM32L5xx_HAL_Driver/stm32l5xx_hal_rcc.o
                0x08042bc8                HAL_RCC_ClockConfig
 .text.HAL_RCC_GetSysClockFreq
                0x08042e38      0x13c ./Drivers/STM32L5xx_HAL_Driver/stm32l5xx_hal_rcc.o
                0x08042e38                HAL_RCC_GetSysClockFreq
 .text.HAL_RCC_GetHCLKFreq
                0x08042f74       0x28 ./Drivers/STM32L5xx_HAL_Driver/stm32l5xx_hal_rcc.o
                0x08042f74                HAL_RCC_GetHCLKFreq
 .text.HAL_RCC_GetPCLK1Freq
                0x08042f9c       0x28 ./Drivers/STM32L5xx_HAL_Driver/stm32l5xx_hal_rcc.o
                0x08042f9c                HAL_RCC_GetPCLK1Freq
 .text.HAL_RCC_GetPCLK2Freq
                0x08042fc4       0x28 ./Drivers/STM32L5xx_HAL_Driver/stm32l5xx_hal_rcc.o
                0x08042fc4                HAL_RCC_GetPCLK2Freq
 .text.RCC_SetFlashLatencyFromMSIRange
                0x08042fec       0xc8 ./Drivers/STM32L5xx_HAL_Driver/stm32l5xx_hal_rcc.o
 .text.RCC_GetSysClockFreqFromPLLSource
                0x080430b4       0xdc ./Drivers/STM32L5xx_HAL_Driver/stm32l5xx_hal_rcc.o
 .text.HAL_RCCEx_PeriphCLKConfig
                0x08043190      0x708 ./Drivers/STM32L5xx_HAL_Driver/stm32l5xx_hal_rcc_ex.o
                0x08043190                HAL_RCCEx_PeriphCLKConfig
 .text.RCCEx_PLLSAI1_Config
                0x08043898      0x1cc ./Drivers/STM32L5xx_HAL_Driver/stm32l5xx_hal_rcc_ex.o
 .text.RCCEx_PLLSAI2_Config
                0x08043a64      0x158 ./Drivers/STM32L5xx_HAL_Driver/stm32l5xx_hal_rcc_ex.o
 .text.HAL_TIM_Base_Init
                0x08043bbc       0xae ./Drivers/STM32L5xx_HAL_Driver/stm32l5xx_hal_tim.o
                0x08043bbc                HAL_TIM_Base_Init
 .text.HAL_TIM_Base_Stop
                0x08043c6a       0x4e ./Drivers/STM32L5xx_HAL_Driver/stm32l5xx_hal_tim.o
                0x08043c6a                HAL_TIM_Base_Stop
 .text.HAL_TIM_OnePulse_Init
                0x08043cb8       0xa0 ./Drivers/STM32L5xx_HAL_Driver/stm32l5xx_hal_tim.o
                0x08043cb8                HAL_TIM_OnePulse_Init
 .text.HAL_TIM_OnePulse_MspInit
                0x08043d58       0x14 ./Drivers/STM32L5xx_HAL_Driver/stm32l5xx_hal_tim.o
                0x08043d58                HAL_TIM_OnePulse_MspInit
 .text.HAL_TIM_ConfigClockSource
                0x08043d6c      0x192 ./Drivers/STM32L5xx_HAL_Driver/stm32l5xx_hal_tim.o
                0x08043d6c                HAL_TIM_ConfigClockSource
 .text.HAL_TIM_SlaveConfigSynchro
                0x08043efe       0x84 ./Drivers/STM32L5xx_HAL_Driver/stm32l5xx_hal_tim.o
                0x08043efe                HAL_TIM_SlaveConfigSynchro
 *fill*         0x08043f82        0x2 
 .text.TIM_Base_SetConfig
                0x08043f84      0x14c ./Drivers/STM32L5xx_HAL_Driver/stm32l5xx_hal_tim.o
                0x08043f84                TIM_Base_SetConfig
 .text.TIM_SlaveTimer_SetConfig
                0x080440d0      0x12a ./Drivers/STM32L5xx_HAL_Driver/stm32l5xx_hal_tim.o
 .text.TIM_TI1_ConfigInputStage
                0x080441fa       0x5e ./Drivers/STM32L5xx_HAL_Driver/stm32l5xx_hal_tim.o
 .text.TIM_TI2_ConfigInputStage
                0x08044258       0x60 ./Drivers/STM32L5xx_HAL_Driver/stm32l5xx_hal_tim.o
 .text.TIM_ITRx_SetConfig
                0x080442b8       0x3a ./Drivers/STM32L5xx_HAL_Driver/stm32l5xx_hal_tim.o
 .text.TIM_ETR_SetConfig
                0x080442f2       0x40 ./Drivers/STM32L5xx_HAL_Driver/stm32l5xx_hal_tim.o
                0x080442f2                TIM_ETR_SetConfig
 *fill*         0x08044332        0x2 
 .text.HAL_TIMEx_MasterConfigSynchronization
                0x08044334      0x110 ./Drivers/STM32L5xx_HAL_Driver/stm32l5xx_hal_tim_ex.o
                0x08044334                HAL_TIMEx_MasterConfigSynchronization
 .text.HAL_UART_Init
                0x08044444       0xa0 ./Drivers/STM32L5xx_HAL_Driver/stm32l5xx_hal_uart.o
                0x08044444                HAL_UART_Init
 .text.HAL_UART_Transmit
                0x080444e4      0x11c ./Drivers/STM32L5xx_HAL_Driver/stm32l5xx_hal_uart.o
                0x080444e4                HAL_UART_Transmit
 .text.UART_SetConfig
                0x08044600      0x600 ./Drivers/STM32L5xx_HAL_Driver/stm32l5xx_hal_uart.o
                0x08044600                UART_SetConfig
 .text.UART_AdvFeatureConfig
                0x08044c00      0x144 ./Drivers/STM32L5xx_HAL_Driver/stm32l5xx_hal_uart.o
                0x08044c00                UART_AdvFeatureConfig
 .text.UART_CheckIdleState
                0x08044d44      0x154 ./Drivers/STM32L5xx_HAL_Driver/stm32l5xx_hal_uart.o
                0x08044d44                UART_CheckIdleState
 .text.UART_WaitOnFlagUntilTimeout
                0x08044e98       0xda ./Drivers/STM32L5xx_HAL_Driver/stm32l5xx_hal_uart.o
                0x08044e98                UART_WaitOnFlagUntilTimeout
 .text.UART_EndRxTransfer
                0x08044f72       0xcc ./Drivers/STM32L5xx_HAL_Driver/stm32l5xx_hal_uart.o
 .text.HAL_UARTEx_DisableFifoMode
                0x0804503e       0x72 ./Drivers/STM32L5xx_HAL_Driver/stm32l5xx_hal_uart_ex.o
                0x0804503e                HAL_UARTEx_DisableFifoMode
 .text.HAL_UARTEx_SetTxFifoThreshold
                0x080450b0       0x7c ./Drivers/STM32L5xx_HAL_Driver/stm32l5xx_hal_uart_ex.o
                0x080450b0                HAL_UARTEx_SetTxFifoThreshold
 .text.HAL_UARTEx_SetRxFifoThreshold
                0x0804512c       0x7c ./Drivers/STM32L5xx_HAL_Driver/stm32l5xx_hal_uart_ex.o
                0x0804512c                HAL_UARTEx_SetRxFifoThreshold
 .text.UARTEx_SetNbDataToProcess
                0x080451a8       0x9c ./Drivers/STM32L5xx_HAL_Driver/stm32l5xx_hal_uart_ex.o
 .text.std      0x08045244       0x6c C:/ST/STM32CubeIDE_1.15.0/STM32CubeIDE/plugins/com.st.stm32cube.ide.mcu.externaltools.gnu-tools-for-stm32.12.3.rel1.win32_1.0.100.202403111256/tools/bin/../lib/gcc/arm-none-eabi/12.3.1/../../../../arm-none-eabi/lib/thumb/v8-m.main+fp/hard\libc_nano.a(libc_a-findfp.o)
 .text.stdio_exit_handler
                0x080452b0       0x18 C:/ST/STM32CubeIDE_1.15.0/STM32CubeIDE/plugins/com.st.stm32cube.ide.mcu.externaltools.gnu-tools-for-stm32.12.3.rel1.win32_1.0.100.202403111256/tools/bin/../lib/gcc/arm-none-eabi/12.3.1/../../../../arm-none-eabi/lib/thumb/v8-m.main+fp/hard\libc_nano.a(libc_a-findfp.o)
 .text.cleanup_stdio
                0x080452c8       0x40 C:/ST/STM32CubeIDE_1.15.0/STM32CubeIDE/plugins/com.st.stm32cube.ide.mcu.externaltools.gnu-tools-for-stm32.12.3.rel1.win32_1.0.100.202403111256/tools/bin/../lib/gcc/arm-none-eabi/12.3.1/../../../../arm-none-eabi/lib/thumb/v8-m.main+fp/hard\libc_nano.a(libc_a-findfp.o)
 .text.global_stdio_init.part.0
                0x08045308       0x3c C:/ST/STM32CubeIDE_1.15.0/STM32CubeIDE/plugins/com.st.stm32cube.ide.mcu.externaltools.gnu-tools-for-stm32.12.3.rel1.win32_1.0.100.202403111256/tools/bin/../lib/gcc/arm-none-eabi/12.3.1/../../../../arm-none-eabi/lib/thumb/v8-m.main+fp/hard\libc_nano.a(libc_a-findfp.o)
 .text.__sfp_lock_acquire
                0x08045344        0xc C:/ST/STM32CubeIDE_1.15.0/STM32CubeIDE/plugins/com.st.stm32cube.ide.mcu.externaltools.gnu-tools-for-stm32.12.3.rel1.win32_1.0.100.202403111256/tools/bin/../lib/gcc/arm-none-eabi/12.3.1/../../../../arm-none-eabi/lib/thumb/v8-m.main+fp/hard\libc_nano.a(libc_a-findfp.o)
                0x08045344                __sfp_lock_acquire
 .text.__sfp_lock_release
                0x08045350        0xc C:/ST/STM32CubeIDE_1.15.0/STM32CubeIDE/plugins/com.st.stm32cube.ide.mcu.externaltools.gnu-tools-for-stm32.12.3.rel1.win32_1.0.100.202403111256/tools/bin/../lib/gcc/arm-none-eabi/12.3.1/../../../../arm-none-eabi/lib/thumb/v8-m.main+fp/hard\libc_nano.a(libc_a-findfp.o)
                0x08045350                __sfp_lock_release
 .text.__sinit  0x0804535c       0x30 C:/ST/STM32CubeIDE_1.15.0/STM32CubeIDE/plugins/com.st.stm32cube.ide.mcu.externaltools.gnu-tools-for-stm32.12.3.rel1.win32_1.0.100.202403111256/tools/bin/../lib/gcc/arm-none-eabi/12.3.1/../../../../arm-none-eabi/lib/thumb/v8-m.main+fp/hard\libc_nano.a(libc_a-findfp.o)
                0x0804535c                __sinit
 .text._fwalk_sglue
                0x0804538c       0x3c C:/ST/STM32CubeIDE_1.15.0/STM32CubeIDE/plugins/com.st.stm32cube.ide.mcu.externaltools.gnu-tools-for-stm32.12.3.rel1.win32_1.0.100.202403111256/tools/bin/../lib/gcc/arm-none-eabi/12.3.1/../../../../arm-none-eabi/lib/thumb/v8-m.main+fp/hard\libc_nano.a(libc_a-fwalk.o)
                0x0804538c                _fwalk_sglue
 .text.printf   0x080453c8       0x24 C:/ST/STM32CubeIDE_1.15.0/STM32CubeIDE/plugins/com.st.stm32cube.ide.mcu.externaltools.gnu-tools-for-stm32.12.3.rel1.win32_1.0.100.202403111256/tools/bin/../lib/gcc/arm-none-eabi/12.3.1/../../../../arm-none-eabi/lib/thumb/v8-m.main+fp/hard\libc_nano.a(libc_a-printf.o)
                0x080453c8                iprintf
                0x080453c8                printf
 .text._puts_r  0x080453ec       0xaa C:/ST/STM32CubeIDE_1.15.0/STM32CubeIDE/plugins/com.st.stm32cube.ide.mcu.externaltools.gnu-tools-for-stm32.12.3.rel1.win32_1.0.100.202403111256/tools/bin/../lib/gcc/arm-none-eabi/12.3.1/../../../../arm-none-eabi/lib/thumb/v8-m.main+fp/hard\libc_nano.a(libc_a-puts.o)
                0x080453ec                _puts_r
 *fill*         0x08045496        0x2 
 .text.puts     0x08045498       0x10 C:/ST/STM32CubeIDE_1.15.0/STM32CubeIDE/plugins/com.st.stm32cube.ide.mcu.externaltools.gnu-tools-for-stm32.12.3.rel1.win32_1.0.100.202403111256/tools/bin/../lib/gcc/arm-none-eabi/12.3.1/../../../../arm-none-eabi/lib/thumb/v8-m.main+fp/hard\libc_nano.a(libc_a-puts.o)
                0x08045498                puts
 .text.__sread  0x080454a8       0x22 C:/ST/STM32CubeIDE_1.15.0/STM32CubeIDE/plugins/com.st.stm32cube.ide.mcu.externaltools.gnu-tools-for-stm32.12.3.rel1.win32_1.0.100.202403111256/tools/bin/../lib/gcc/arm-none-eabi/12.3.1/../../../../arm-none-eabi/lib/thumb/v8-m.main+fp/hard\libc_nano.a(libc_a-stdio.o)
                0x080454a8                __sread
 .text.__swrite
                0x080454ca       0x38 C:/ST/STM32CubeIDE_1.15.0/STM32CubeIDE/plugins/com.st.stm32cube.ide.mcu.externaltools.gnu-tools-for-stm32.12.3.rel1.win32_1.0.100.202403111256/tools/bin/../lib/gcc/arm-none-eabi/12.3.1/../../../../arm-none-eabi/lib/thumb/v8-m.main+fp/hard\libc_nano.a(libc_a-stdio.o)
                0x080454ca                __swrite
 .text.__sseek  0x08045502       0x24 C:/ST/STM32CubeIDE_1.15.0/STM32CubeIDE/plugins/com.st.stm32cube.ide.mcu.externaltools.gnu-tools-for-stm32.12.3.rel1.win32_1.0.100.202403111256/tools/bin/../lib/gcc/arm-none-eabi/12.3.1/../../../../arm-none-eabi/lib/thumb/v8-m.main+fp/hard\libc_nano.a(libc_a-stdio.o)
                0x08045502                __sseek
 .text.__sclose
                0x08045526        0x8 C:/ST/STM32CubeIDE_1.15.0/STM32CubeIDE/plugins/com.st.stm32cube.ide.mcu.externaltools.gnu-tools-for-stm32.12.3.rel1.win32_1.0.100.202403111256/tools/bin/../lib/gcc/arm-none-eabi/12.3.1/../../../../arm-none-eabi/lib/thumb/v8-m.main+fp/hard\libc_nano.a(libc_a-stdio.o)
                0x08045526                __sclose
 .text.__swbuf_r
                0x0804552e       0x7c C:/ST/STM32CubeIDE_1.15.0/STM32CubeIDE/plugins/com.st.stm32cube.ide.mcu.externaltools.gnu-tools-for-stm32.12.3.rel1.win32_1.0.100.202403111256/tools/bin/../lib/gcc/arm-none-eabi/12.3.1/../../../../arm-none-eabi/lib/thumb/v8-m.main+fp/hard\libc_nano.a(libc_a-wbuf.o)
                0x0804552e                __swbuf_r
 *fill*         0x080455aa        0x2 
 .text.__swsetup_r
                0x080455ac       0xac C:/ST/STM32CubeIDE_1.15.0/STM32CubeIDE/plugins/com.st.stm32cube.ide.mcu.externaltools.gnu-tools-for-stm32.12.3.rel1.win32_1.0.100.202403111256/tools/bin/../lib/gcc/arm-none-eabi/12.3.1/../../../../arm-none-eabi/lib/thumb/v8-m.main+fp/hard\libc_nano.a(libc_a-wsetup.o)
                0x080455ac                __swsetup_r
 .text.memset   0x08045658       0x10 C:/ST/STM32CubeIDE_1.15.0/STM32CubeIDE/plugins/com.st.stm32cube.ide.mcu.externaltools.gnu-tools-for-stm32.12.3.rel1.win32_1.0.100.202403111256/tools/bin/../lib/gcc/arm-none-eabi/12.3.1/../../../../arm-none-eabi/lib/thumb/v8-m.main+fp/hard\libc_nano.a(libc_a-memset.o)
                0x08045658                memset
 .text._close_r
                0x08045668       0x20 C:/ST/STM32CubeIDE_1.15.0/STM32CubeIDE/plugins/com.st.stm32cube.ide.mcu.externaltools.gnu-tools-for-stm32.12.3.rel1.win32_1.0.100.202403111256/tools/bin/../lib/gcc/arm-none-eabi/12.3.1/../../../../arm-none-eabi/lib/thumb/v8-m.main+fp/hard\libc_nano.a(libc_a-closer.o)
                0x08045668                _close_r
 .text._lseek_r
                0x08045688       0x24 C:/ST/STM32CubeIDE_1.15.0/STM32CubeIDE/plugins/com.st.stm32cube.ide.mcu.externaltools.gnu-tools-for-stm32.12.3.rel1.win32_1.0.100.202403111256/tools/bin/../lib/gcc/arm-none-eabi/12.3.1/../../../../arm-none-eabi/lib/thumb/v8-m.main+fp/hard\libc_nano.a(libc_a-lseekr.o)
                0x08045688                _lseek_r
 .text._read_r  0x080456ac       0x24 C:/ST/STM32CubeIDE_1.15.0/STM32CubeIDE/plugins/com.st.stm32cube.ide.mcu.externaltools.gnu-tools-for-stm32.12.3.rel1.win32_1.0.100.202403111256/tools/bin/../lib/gcc/arm-none-eabi/12.3.1/../../../../arm-none-eabi/lib/thumb/v8-m.main+fp/hard\libc_nano.a(libc_a-readr.o)
                0x080456ac                _read_r
 .text._write_r
                0x080456d0       0x24 C:/ST/STM32CubeIDE_1.15.0/STM32CubeIDE/plugins/com.st.stm32cube.ide.mcu.externaltools.gnu-tools-for-stm32.12.3.rel1.win32_1.0.100.202403111256/tools/bin/../lib/gcc/arm-none-eabi/12.3.1/../../../../arm-none-eabi/lib/thumb/v8-m.main+fp/hard\libc_nano.a(libc_a-writer.o)
                0x080456d0                _write_r
 .text.__errno  0x080456f4        0xc C:/ST/STM32CubeIDE_1.15.0/STM32CubeIDE/plugins/com.st.stm32cube.ide.mcu.externaltools.gnu-tools-for-stm32.12.3.rel1.win32_1.0.100.202403111256/tools/bin/../lib/gcc/arm-none-eabi/12.3.1/../../../../arm-none-eabi/lib/thumb/v8-m.main+fp/hard\libc_nano.a(libc_a-errno.o)
                0x080456f4                __errno
 .text.__libc_init_array
                0x08045700       0x48 C:/ST/STM32CubeIDE_1.15.0/STM32CubeIDE/plugins/com.st.stm32cube.ide.mcu.externaltools.gnu-tools-for-stm32.12.3.rel1.win32_1.0.100.202403111256/tools/bin/../lib/gcc/arm-none-eabi/12.3.1/../../../../arm-none-eabi/lib/thumb/v8-m.main+fp/hard\libc_nano.a(libc_a-init.o)
                0x08045700                __libc_init_array
 .text.__retarget_lock_init_recursive
                0x08045748        0x2 C:/ST/STM32CubeIDE_1.15.0/STM32CubeIDE/plugins/com.st.stm32cube.ide.mcu.externaltools.gnu-tools-for-stm32.12.3.rel1.win32_1.0.100.202403111256/tools/bin/../lib/gcc/arm-none-eabi/12.3.1/../../../../arm-none-eabi/lib/thumb/v8-m.main+fp/hard\libc_nano.a(libc_a-lock.o)
                0x08045748                __retarget_lock_init_recursive
 .text.__retarget_lock_acquire_recursive
                0x0804574a        0x2 C:/ST/STM32CubeIDE_1.15.0/STM32CubeIDE/plugins/com.st.stm32cube.ide.mcu.externaltools.gnu-tools-for-stm32.12.3.rel1.win32_1.0.100.202403111256/tools/bin/../lib/gcc/arm-none-eabi/12.3.1/../../../../arm-none-eabi/lib/thumb/v8-m.main+fp/hard\libc_nano.a(libc_a-lock.o)
                0x0804574a                __retarget_lock_acquire_recursive
 .text.__retarget_lock_release_recursive
                0x0804574c        0x2 C:/ST/STM32CubeIDE_1.15.0/STM32CubeIDE/plugins/com.st.stm32cube.ide.mcu.externaltools.gnu-tools-for-stm32.12.3.rel1.win32_1.0.100.202403111256/tools/bin/../lib/gcc/arm-none-eabi/12.3.1/../../../../arm-none-eabi/lib/thumb/v8-m.main+fp/hard\libc_nano.a(libc_a-lock.o)
                0x0804574c                __retarget_lock_release_recursive
 *fill*         0x0804574e        0x2 
 .text._free_r  0x08045750       0x94 C:/ST/STM32CubeIDE_1.15.0/STM32CubeIDE/plugins/com.st.stm32cube.ide.mcu.externaltools.gnu-tools-for-stm32.12.3.rel1.win32_1.0.100.202403111256/tools/bin/../lib/gcc/arm-none-eabi/12.3.1/../../../../arm-none-eabi/lib/thumb/v8-m.main+fp/hard\libc_nano.a(libc_a-freer.o)
                0x08045750                _free_r
 .text.sbrk_aligned
                0x080457e4       0x44 C:/ST/STM32CubeIDE_1.15.0/STM32CubeIDE/plugins/com.st.stm32cube.ide.mcu.externaltools.gnu-tools-for-stm32.12.3.rel1.win32_1.0.100.202403111256/tools/bin/../lib/gcc/arm-none-eabi/12.3.1/../../../../arm-none-eabi/lib/thumb/v8-m.main+fp/hard\libc_nano.a(libc_a-mallocr.o)
 .text._malloc_r
                0x08045828      0x100 C:/ST/STM32CubeIDE_1.15.0/STM32CubeIDE/plugins/com.st.stm32cube.ide.mcu.externaltools.gnu-tools-for-stm32.12.3.rel1.win32_1.0.100.202403111256/tools/bin/../lib/gcc/arm-none-eabi/12.3.1/../../../../arm-none-eabi/lib/thumb/v8-m.main+fp/hard\libc_nano.a(libc_a-mallocr.o)
                0x08045828                _malloc_r
 .text.__malloc_lock
                0x08045928        0xc C:/ST/STM32CubeIDE_1.15.0/STM32CubeIDE/plugins/com.st.stm32cube.ide.mcu.externaltools.gnu-tools-for-stm32.12.3.rel1.win32_1.0.100.202403111256/tools/bin/../lib/gcc/arm-none-eabi/12.3.1/../../../../arm-none-eabi/lib/thumb/v8-m.main+fp/hard\libc_nano.a(libc_a-mlock.o)
                0x08045928                __malloc_lock
 .text.__malloc_unlock
                0x08045934        0xc C:/ST/STM32CubeIDE_1.15.0/STM32CubeIDE/plugins/com.st.stm32cube.ide.mcu.externaltools.gnu-tools-for-stm32.12.3.rel1.win32_1.0.100.202403111256/tools/bin/../lib/gcc/arm-none-eabi/12.3.1/../../../../arm-none-eabi/lib/thumb/v8-m.main+fp/hard\libc_nano.a(libc_a-mlock.o)
                0x08045934                __malloc_unlock
 .text.__sfputc_r
                0x08045940       0x2e C:/ST/STM32CubeIDE_1.15.0/STM32CubeIDE/plugins/com.st.stm32cube.ide.mcu.externaltools.gnu-tools-for-stm32.12.3.rel1.win32_1.0.100.202403111256/tools/bin/../lib/gcc/arm-none-eabi/12.3.1/../../../../arm-none-eabi/lib/thumb/v8-m.main+fp/hard\libc_nano.a(libc_a-nano-vfprintf.o)
 .text.__sfputs_r
                0x0804596e       0x24 C:/ST/STM32CubeIDE_1.15.0/STM32CubeIDE/plugins/com.st.stm32cube.ide.mcu.externaltools.gnu-tools-for-stm32.12.3.rel1.win32_1.0.100.202403111256/tools/bin/../lib/gcc/arm-none-eabi/12.3.1/../../../../arm-none-eabi/lib/thumb/v8-m.main+fp/hard\libc_nano.a(libc_a-nano-vfprintf.o)
                0x0804596e                __sfputs_r
 *fill*         0x08045992        0x2 
 .text._vfprintf_r
                0x08045994      0x230 C:/ST/STM32CubeIDE_1.15.0/STM32CubeIDE/plugins/com.st.stm32cube.ide.mcu.externaltools.gnu-tools-for-stm32.12.3.rel1.win32_1.0.100.202403111256/tools/bin/../lib/gcc/arm-none-eabi/12.3.1/../../../../arm-none-eabi/lib/thumb/v8-m.main+fp/hard\libc_nano.a(libc_a-nano-vfprintf.o)
                0x08045994                _vfprintf_r
                0x08045994                _vfiprintf_r
 .text._printf_common
                0x08045bc4       0xe4 C:/ST/STM32CubeIDE_1.15.0/STM32CubeIDE/plugins/com.st.stm32cube.ide.mcu.externaltools.gnu-tools-for-stm32.12.3.rel1.win32_1.0.100.202403111256/tools/bin/../lib/gcc/arm-none-eabi/12.3.1/../../../../arm-none-eabi/lib/thumb/v8-m.main+fp/hard\libc_nano.a(libc_a-nano-vfprintf_i.o)
                0x08045bc4                _printf_common
 .text._printf_i
                0x08045ca8      0x240 C:/ST/STM32CubeIDE_1.15.0/STM32CubeIDE/plugins/com.st.stm32cube.ide.mcu.externaltools.gnu-tools-for-stm32.12.3.rel1.win32_1.0.100.202403111256/tools/bin/../lib/gcc/arm-none-eabi/12.3.1/../../../../arm-none-eabi/lib/thumb/v8-m.main+fp/hard\libc_nano.a(libc_a-nano-vfprintf_i.o)
                0x08045ca8                _printf_i
 .text.__sflush_r
                0x08045ee8      0x108 C:/ST/STM32CubeIDE_1.15.0/STM32CubeIDE/plugins/com.st.stm32cube.ide.mcu.externaltools.gnu-tools-for-stm32.12.3.rel1.win32_1.0.100.202403111256/tools/bin/../lib/gcc/arm-none-eabi/12.3.1/../../../../arm-none-eabi/lib/thumb/v8-m.main+fp/hard\libc_nano.a(libc_a-fflush.o)
                0x08045ee8                __sflush_r
 .text._fflush_r
                0x08045ff0       0x50 C:/ST/STM32CubeIDE_1.15.0/STM32CubeIDE/plugins/com.st.stm32cube.ide.mcu.externaltools.gnu-tools-for-stm32.12.3.rel1.win32_1.0.100.202403111256/tools/bin/../lib/gcc/arm-none-eabi/12.3.1/../../../../arm-none-eabi/lib/thumb/v8-m.main+fp/hard\libc_nano.a(libc_a-fflush.o)
                0x08045ff0                _fflush_r
 .text.__swhatbuf_r
                0x08046040       0x4a C:/ST/STM32CubeIDE_1.15.0/STM32CubeIDE/plugins/com.st.stm32cube.ide.mcu.externaltools.gnu-tools-for-stm32.12.3.rel1.win32_1.0.100.202403111256/tools/bin/../lib/gcc/arm-none-eabi/12.3.1/../../../../arm-none-eabi/lib/thumb/v8-m.main+fp/hard\libc_nano.a(libc_a-makebuf.o)
                0x08046040                __swhatbuf_r
 .text.__smakebuf_r
                0x0804608a       0x78 C:/ST/STM32CubeIDE_1.15.0/STM32CubeIDE/plugins/com.st.stm32cube.ide.mcu.externaltools.gnu-tools-for-stm32.12.3.rel1.win32_1.0.100.202403111256/tools/bin/../lib/gcc/arm-none-eabi/12.3.1/../../../../arm-none-eabi/lib/thumb/v8-m.main+fp/hard\libc_nano.a(libc_a-makebuf.o)
                0x0804608a                __smakebuf_r
 *fill*         0x08046102        0x2 
 .text._fstat_r
                0x08046104       0x24 C:/ST/STM32CubeIDE_1.15.0/STM32CubeIDE/plugins/com.st.stm32cube.ide.mcu.externaltools.gnu-tools-for-stm32.12.3.rel1.win32_1.0.100.202403111256/tools/bin/../lib/gcc/arm-none-eabi/12.3.1/../../../../arm-none-eabi/lib/thumb/v8-m.main+fp/hard\libc_nano.a(libc_a-fstatr.o)
                0x08046104                _fstat_r
 .text._isatty_r
                0x08046128       0x20 C:/ST/STM32CubeIDE_1.15.0/STM32CubeIDE/plugins/com.st.stm32cube.ide.mcu.externaltools.gnu-tools-for-stm32.12.3.rel1.win32_1.0.100.202403111256/tools/bin/../lib/gcc/arm-none-eabi/12.3.1/../../../../arm-none-eabi/lib/thumb/v8-m.main+fp/hard\libc_nano.a(libc_a-isattyr.o)
                0x08046128                _isatty_r
 .text._sbrk_r  0x08046148       0x20 C:/ST/STM32CubeIDE_1.15.0/STM32CubeIDE/plugins/com.st.stm32cube.ide.mcu.externaltools.gnu-tools-for-stm32.12.3.rel1.win32_1.0.100.202403111256/tools/bin/../lib/gcc/arm-none-eabi/12.3.1/../../../../arm-none-eabi/lib/thumb/v8-m.main+fp/hard\libc_nano.a(libc_a-sbrkr.o)
                0x08046148                _sbrk_r
 .text.memchr   0x08046168       0x1c C:/ST/STM32CubeIDE_1.15.0/STM32CubeIDE/plugins/com.st.stm32cube.ide.mcu.externaltools.gnu-tools-for-stm32.12.3.rel1.win32_1.0.100.202403111256/tools/bin/../lib/gcc/arm-none-eabi/12.3.1/../../../../arm-none-eabi/lib/thumb/v8-m.main+fp/hard\libc_nano.a(libc_a-memchr-stub.o)
                0x08046168                memchr
 *(.glue_7)
 .glue_7        0x08046184        0x0 linker stubs
 *(.glue_7t)
 .glue_7t       0x08046184        0x0 linker stubs
 *(.eh_frame)
 .eh_frame      0x08046184        0x0 C:/ST/STM32CubeIDE_1.15.0/STM32CubeIDE/plugins/com.st.stm32cube.ide.mcu.externaltools.gnu-tools-for-stm32.12.3.rel1.win32_1.0.100.202403111256/tools/bin/../lib/gcc/arm-none-eabi/12.3.1/thumb/v8-m.main+fp/hard/crtbegin.o
 *(.init)
 .init          0x08046184        0x4 C:/ST/STM32CubeIDE_1.15.0/STM32CubeIDE/plugins/com.st.stm32cube.ide.mcu.externaltools.gnu-tools-for-stm32.12.3.rel1.win32_1.0.100.202403111256/tools/bin/../lib/gcc/arm-none-eabi/12.3.1/thumb/v8-m.main+fp/hard/crti.o
                0x08046184                _init
 .init          0x08046188        0x8 C:/ST/STM32CubeIDE_1.15.0/STM32CubeIDE/plugins/com.st.stm32cube.ide.mcu.externaltools.gnu-tools-for-stm32.12.3.rel1.win32_1.0.100.202403111256/tools/bin/../lib/gcc/arm-none-eabi/12.3.1/thumb/v8-m.main+fp/hard/crtn.o
 *(.fini)
 .fini          0x08046190        0x4 C:/ST/STM32CubeIDE_1.15.0/STM32CubeIDE/plugins/com.st.stm32cube.ide.mcu.externaltools.gnu-tools-for-stm32.12.3.rel1.win32_1.0.100.202403111256/tools/bin/../lib/gcc/arm-none-eabi/12.3.1/thumb/v8-m.main+fp/hard/crti.o
                0x08046190                _fini
 .fini          0x08046194        0x8 C:/ST/STM32CubeIDE_1.15.0/STM32CubeIDE/plugins/com.st.stm32cube.ide.mcu.externaltools.gnu-tools-for-stm32.12.3.rel1.win32_1.0.100.202403111256/tools/bin/../lib/gcc/arm-none-eabi/12.3.1/thumb/v8-m.main+fp/hard/crtn.o
 *fill*         0x0804619c        0x4 
 .fini.__stub   0x080461a0        0x8 linker stubs
                0x080461a8                        . = ALIGN (0x4)
                0x080461a8                        _etext = .

.vfp11_veneer   0x080461a8        0x0
 .vfp11_veneer  0x080461a8        0x0 linker stubs

.v4_bx          0x080461a8        0x0
 .v4_bx         0x080461a8        0x0 linker stubs

.iplt           0x080461a8        0x0
 .iplt          0x080461a8        0x0 C:/ST/STM32CubeIDE_1.15.0/STM32CubeIDE/plugins/com.st.stm32cube.ide.mcu.externaltools.gnu-tools-for-stm32.12.3.rel1.win32_1.0.100.202403111256/tools/bin/../lib/gcc/arm-none-eabi/12.3.1/thumb/v8-m.main+fp/hard/crtbegin.o

.rodata         0x080461a8       0xdc
                0x080461a8                        . = ALIGN (0x4)
 *(.rodata)
 .rodata        0x080461a8       0x28 ./Core/Src/main.o
 *(.rodata*)
 .rodata.AHBPrescTable
                0x080461d0       0x10 ./Core/Src/system_stm32l5xx_ns.o
                0x080461d0                AHBPrescTable
 .rodata.APBPrescTable
                0x080461e0        0x8 ./Core/Src/system_stm32l5xx_ns.o
                0x080461e0                APBPrescTable
 .rodata.MSIRangeTable
                0x080461e8       0x40 ./Core/Src/system_stm32l5xx_ns.o
                0x080461e8                MSIRangeTable
 .rodata.UARTPrescTable
                0x08046228       0x18 ./Drivers/STM32L5xx_HAL_Driver/stm32l5xx_hal_uart.o
                0x08046228                UARTPrescTable
 .rodata.numerator.1
                0x08046240        0x8 ./Drivers/STM32L5xx_HAL_Driver/stm32l5xx_hal_uart_ex.o
 .rodata.denominator.0
                0x08046248        0x8 ./Drivers/STM32L5xx_HAL_Driver/stm32l5xx_hal_uart_ex.o
 .rodata._vfprintf_r.str1.1
                0x08046250       0x11 C:/ST/STM32CubeIDE_1.15.0/STM32CubeIDE/plugins/com.st.stm32cube.ide.mcu.externaltools.gnu-tools-for-stm32.12.3.rel1.win32_1.0.100.202403111256/tools/bin/../lib/gcc/arm-none-eabi/12.3.1/../../../../arm-none-eabi/lib/thumb/v8-m.main+fp/hard\libc_nano.a(libc_a-nano-vfprintf.o)
 .rodata._printf_i.str1.1
                0x08046261       0x22 C:/ST/STM32CubeIDE_1.15.0/STM32CubeIDE/plugins/com.st.stm32cube.ide.mcu.externaltools.gnu-tools-for-stm32.12.3.rel1.win32_1.0.100.202403111256/tools/bin/../lib/gcc/arm-none-eabi/12.3.1/../../../../arm-none-eabi/lib/thumb/v8-m.main+fp/hard\libc_nano.a(libc_a-nano-vfprintf_i.o)
                0x08046284                        . = ALIGN (0x4)
 *fill*         0x08046283        0x1 

.ARM.extab      0x08046284        0x0
                0x08046284                        . = ALIGN (0x4)
 *(.ARM.extab* .gnu.linkonce.armextab.*)
                0x08046284                        . = ALIGN (0x4)

.ARM            0x08046284        0x8
                0x08046284                        . = ALIGN (0x4)
                0x08046284                        __exidx_start = .
 *(.ARM.exidx*)
 .ARM.exidx     0x08046284        0x8 C:/ST/STM32CubeIDE_1.15.0/STM32CubeIDE/plugins/com.st.stm32cube.ide.mcu.externaltools.gnu-tools-for-stm32.12.3.rel1.win32_1.0.100.202403111256/tools/bin/../lib/gcc/arm-none-eabi/12.3.1/thumb/v8-m.main+fp/hard\libgcc.a(_udivmoddi4.o)
                0x0804628c                        __exidx_end = .
                0x0804628c                        . = ALIGN (0x4)

.preinit_array  0x0804628c        0x0
                0x0804628c                        . = ALIGN (0x4)
                0x0804628c                        PROVIDE (__preinit_array_start = .)
 *(.preinit_array*)
                0x0804628c                        PROVIDE (__preinit_array_end = .)
                0x0804628c                        . = ALIGN (0x4)

.init_array     0x0804628c        0x4
                0x0804628c                        . = ALIGN (0x4)
                0x0804628c                        PROVIDE (__init_array_start = .)
 *(SORT_BY_NAME(.init_array.*))
 *(.init_array*)
 .init_array    0x0804628c        0x4 C:/ST/STM32CubeIDE_1.15.0/STM32CubeIDE/plugins/com.st.stm32cube.ide.mcu.externaltools.gnu-tools-for-stm32.12.3.rel1.win32_1.0.100.202403111256/tools/bin/../lib/gcc/arm-none-eabi/12.3.1/thumb/v8-m.main+fp/hard/crtbegin.o
                0x08046290                        PROVIDE (__init_array_end = .)
                0x08046290                        . = ALIGN (0x4)

.fini_array     0x08046290        0x4
                0x08046290                        . = ALIGN (0x4)
                [!provide]                        PROVIDE (__fini_array_start = .)
 *(SORT_BY_NAME(.fini_array.*))
 *(.fini_array*)
 .fini_array    0x08046290        0x4 C:/ST/STM32CubeIDE_1.15.0/STM32CubeIDE/plugins/com.st.stm32cube.ide.mcu.externaltools.gnu-tools-for-stm32.12.3.rel1.win32_1.0.100.202403111256/tools/bin/../lib/gcc/arm-none-eabi/12.3.1/thumb/v8-m.main+fp/hard/crtbegin.o
                [!provide]                        PROVIDE (__fini_array_end = .)
                0x08046294                        . = ALIGN (0x4)
                0x08046294                        _sidata = LOADADDR (.data)

.rel.dyn        0x08046294        0x0
 .rel.iplt      0x08046294        0x0 C:/ST/STM32CubeIDE_1.15.0/STM32CubeIDE/plugins/com.st.stm32cube.ide.mcu.externaltools.gnu-tools-for-stm32.12.3.rel1.win32_1.0.100.202403111256/tools/bin/../lib/gcc/arm-none-eabi/12.3.1/thumb/v8-m.main+fp/hard/crtbegin.o

.data           0x20018000       0x88 load address 0x08046294
                0x20018000                        . = ALIGN (0x4)
                0x20018000                        _sdata = .
 *(.data)
 *(.data*)
 .data.tim1_CR1
                0x20018000        0x4 ./Core/Src/main.o
                0x20018000                tim1_CR1
 .data.tim1_SR  0x20018004        0x4 ./Core/Src/main.o
                0x20018004                tim1_SR
 .data.tim1_DIER
                0x20018008        0x4 ./Core/Src/main.o
                0x20018008                tim1_DIER
 .data.tim1_CNT
                0x2001800c        0x4 ./Core/Src/main.o
                0x2001800c                tim1_CNT
 .data.tim1_ARR
                0x20018010        0x4 ./Core/Src/main.o
                0x20018010                tim1_ARR
 .data.tim2_CR1
                0x20018014        0x4 ./Core/Src/main.o
                0x20018014                tim2_CR1
 .data.tim2_CNT
                0x20018018        0x4 ./Core/Src/main.o
                0x20018018                tim2_CNT
 .data.CR1      0x2001801c        0x4 ./Core/Src/main.o
                0x2001801c                CR1
 .data.SystemCoreClock
                0x20018020        0x4 ./Core/Src/system_stm32l5xx_ns.o
                0x20018020                SystemCoreClock
 .data.uwTickPrio
                0x20018024        0x4 ./Drivers/STM32L5xx_HAL_Driver/stm32l5xx_hal.o
                0x20018024                uwTickPrio
 .data.uwTickFreq
                0x20018028        0x1 ./Drivers/STM32L5xx_HAL_Driver/stm32l5xx_hal.o
                0x20018028                uwTickFreq
 *fill*         0x20018029        0x3 
 .data.__sglue  0x2001802c        0xc C:/ST/STM32CubeIDE_1.15.0/STM32CubeIDE/plugins/com.st.stm32cube.ide.mcu.externaltools.gnu-tools-for-stm32.12.3.rel1.win32_1.0.100.202403111256/tools/bin/../lib/gcc/arm-none-eabi/12.3.1/../../../../arm-none-eabi/lib/thumb/v8-m.main+fp/hard\libc_nano.a(libc_a-findfp.o)
                0x2001802c                __sglue
 .data._impure_ptr
                0x20018038        0x4 C:/ST/STM32CubeIDE_1.15.0/STM32CubeIDE/plugins/com.st.stm32cube.ide.mcu.externaltools.gnu-tools-for-stm32.12.3.rel1.win32_1.0.100.202403111256/tools/bin/../lib/gcc/arm-none-eabi/12.3.1/../../../../arm-none-eabi/lib/thumb/v8-m.main+fp/hard\libc_nano.a(libc_a-impure.o)
                0x20018038                _impure_ptr
 .data._impure_data
                0x2001803c       0x4c C:/ST/STM32CubeIDE_1.15.0/STM32CubeIDE/plugins/com.st.stm32cube.ide.mcu.externaltools.gnu-tools-for-stm32.12.3.rel1.win32_1.0.100.202403111256/tools/bin/../lib/gcc/arm-none-eabi/12.3.1/../../../../arm-none-eabi/lib/thumb/v8-m.main+fp/hard\libc_nano.a(libc_a-impure.o)
                0x2001803c                _impure_data
 *(.RamFunc)
 *(.RamFunc*)
                0x20018088                        . = ALIGN (0x4)
                0x20018088                        _edata = .

.igot.plt       0x20018088        0x0 load address 0x0804631c
 .igot.plt      0x20018088        0x0 C:/ST/STM32CubeIDE_1.15.0/STM32CubeIDE/plugins/com.st.stm32cube.ide.mcu.externaltools.gnu-tools-for-stm32.12.3.rel1.win32_1.0.100.202403111256/tools/bin/../lib/gcc/arm-none-eabi/12.3.1/thumb/v8-m.main+fp/hard/crtbegin.o
                0x20018088                        . = ALIGN (0x4)

.bss            0x20018088      0x310 load address 0x0804631c
                0x20018088                        _sbss = .
                0x20018088                        __bss_start__ = _sbss
 *(.bss)
 .bss           0x20018088       0x1c C:/ST/STM32CubeIDE_1.15.0/STM32CubeIDE/plugins/com.st.stm32cube.ide.mcu.externaltools.gnu-tools-for-stm32.12.3.rel1.win32_1.0.100.202403111256/tools/bin/../lib/gcc/arm-none-eabi/12.3.1/thumb/v8-m.main+fp/hard/crtbegin.o
 *(.bss*)
 .bss.s         0x200180a4        0x4 ./Core/Src/main.o
                0x200180a4                s
 .bss.var       0x200180a8        0x4 ./Core/Src/main.o
                0x200180a8                var
 .bss.cycles    0x200180ac        0x4 ./Core/Src/main.o
                0x200180ac                cycles
 .bss.__sbrk_heap_end
                0x200180b0        0x4 ./Core/Src/sysmem.o
 .bss.htim1     0x200180b4       0x4c ./Core/Src/tim.o
                0x200180b4                htim1
 .bss.htim2     0x20018100       0x4c ./Core/Src/tim.o
                0x20018100                htim2
 .bss.hdma_tim1_up
                0x2001814c       0x68 ./Core/Src/tim.o
                0x2001814c                hdma_tim1_up
 .bss.hlpuart1  0x200181b4       0x94 ./Core/Src/usart.o
                0x200181b4                hlpuart1
 .bss.uwTick    0x20018248        0x4 ./Drivers/STM32L5xx_HAL_Driver/stm32l5xx_hal.o
                0x20018248                uwTick
 .bss.__sf      0x2001824c      0x138 C:/ST/STM32CubeIDE_1.15.0/STM32CubeIDE/plugins/com.st.stm32cube.ide.mcu.externaltools.gnu-tools-for-stm32.12.3.rel1.win32_1.0.100.202403111256/tools/bin/../lib/gcc/arm-none-eabi/12.3.1/../../../../arm-none-eabi/lib/thumb/v8-m.main+fp/hard\libc_nano.a(libc_a-findfp.o)
                0x2001824c                __sf
 .bss.__stdio_exit_handler
                0x20018384        0x4 C:/ST/STM32CubeIDE_1.15.0/STM32CubeIDE/plugins/com.st.stm32cube.ide.mcu.externaltools.gnu-tools-for-stm32.12.3.rel1.win32_1.0.100.202403111256/tools/bin/../lib/gcc/arm-none-eabi/12.3.1/../../../../arm-none-eabi/lib/thumb/v8-m.main+fp/hard\libc_nano.a(libc_a-findfp.o)
                0x20018384                __stdio_exit_handler
 .bss.errno     0x20018388        0x4 C:/ST/STM32CubeIDE_1.15.0/STM32CubeIDE/plugins/com.st.stm32cube.ide.mcu.externaltools.gnu-tools-for-stm32.12.3.rel1.win32_1.0.100.202403111256/tools/bin/../lib/gcc/arm-none-eabi/12.3.1/../../../../arm-none-eabi/lib/thumb/v8-m.main+fp/hard\libc_nano.a(libc_a-reent.o)
                0x20018388                errno
 .bss.__lock___malloc_recursive_mutex
                0x2001838c        0x1 C:/ST/STM32CubeIDE_1.15.0/STM32CubeIDE/plugins/com.st.stm32cube.ide.mcu.externaltools.gnu-tools-for-stm32.12.3.rel1.win32_1.0.100.202403111256/tools/bin/../lib/gcc/arm-none-eabi/12.3.1/../../../../arm-none-eabi/lib/thumb/v8-m.main+fp/hard\libc_nano.a(libc_a-lock.o)
                0x2001838c                __lock___malloc_recursive_mutex
 .bss.__lock___sfp_recursive_mutex
                0x2001838d        0x1 C:/ST/STM32CubeIDE_1.15.0/STM32CubeIDE/plugins/com.st.stm32cube.ide.mcu.externaltools.gnu-tools-for-stm32.12.3.rel1.win32_1.0.100.202403111256/tools/bin/../lib/gcc/arm-none-eabi/12.3.1/../../../../arm-none-eabi/lib/thumb/v8-m.main+fp/hard\libc_nano.a(libc_a-lock.o)
                0x2001838d                __lock___sfp_recursive_mutex
 *fill*         0x2001838e        0x2 
 .bss.__malloc_sbrk_start
                0x20018390        0x4 C:/ST/STM32CubeIDE_1.15.0/STM32CubeIDE/plugins/com.st.stm32cube.ide.mcu.externaltools.gnu-tools-for-stm32.12.3.rel1.win32_1.0.100.202403111256/tools/bin/../lib/gcc/arm-none-eabi/12.3.1/../../../../arm-none-eabi/lib/thumb/v8-m.main+fp/hard\libc_nano.a(libc_a-mallocr.o)
                0x20018390                __malloc_sbrk_start
 .bss.__malloc_free_list
                0x20018394        0x4 C:/ST/STM32CubeIDE_1.15.0/STM32CubeIDE/plugins/com.st.stm32cube.ide.mcu.externaltools.gnu-tools-for-stm32.12.3.rel1.win32_1.0.100.202403111256/tools/bin/../lib/gcc/arm-none-eabi/12.3.1/../../../../arm-none-eabi/lib/thumb/v8-m.main+fp/hard\libc_nano.a(libc_a-mallocr.o)
                0x20018394                __malloc_free_list
 *(COMMON)
                0x20018398                        . = ALIGN (0x4)
                0x20018398                        _ebss = .
                0x20018398                        __bss_end__ = _ebss

._user_heap_stack
                0x20018398      0x600 load address 0x0804631c
                0x20018398                        . = ALIGN (0x8)
                [!provide]                        PROVIDE (end = .)
                0x20018398                        PROVIDE (_end = .)
                0x20018598                        . = (. + _Min_Heap_Size)
 *fill*         0x20018398      0x200 
                0x20018998                        . = (. + _Min_Stack_Size)
 *fill*         0x20018598      0x400 
                0x20018998                        . = ALIGN (0x8)

/DISCARD/
 libc.a(*)
 libm.a(*)
 libgcc.a(*)

.ARM.attributes
                0x00000000       0x36
 *(.ARM.attributes)
 .ARM.attributes
                0x00000000       0x26 C:/ST/STM32CubeIDE_1.15.0/STM32CubeIDE/plugins/com.st.stm32cube.ide.mcu.externaltools.gnu-tools-for-stm32.12.3.rel1.win32_1.0.100.202403111256/tools/bin/../lib/gcc/arm-none-eabi/12.3.1/thumb/v8-m.main+fp/hard/crti.o
 .ARM.attributes
                0x00000026       0x38 C:/ST/STM32CubeIDE_1.15.0/STM32CubeIDE/plugins/com.st.stm32cube.ide.mcu.externaltools.gnu-tools-for-stm32.12.3.rel1.win32_1.0.100.202403111256/tools/bin/../lib/gcc/arm-none-eabi/12.3.1/thumb/v8-m.main+fp/hard/crtbegin.o
 .ARM.attributes
                0x0000005e       0x3a ./Core/Src/dma.o
 .ARM.attributes
                0x00000098       0x3a ./Core/Src/gpio.o
 .ARM.attributes
                0x000000d2       0x3a ./Core/Src/icache.o
 .ARM.attributes
                0x0000010c       0x3a ./Core/Src/main.o
 .ARM.attributes
                0x00000146       0x3a ./Core/Src/stm32l5xx_hal_msp.o
 .ARM.attributes
                0x00000180       0x3a ./Core/Src/stm32l5xx_it.o
 .ARM.attributes
                0x000001ba       0x3a ./Core/Src/syscalls.o
 .ARM.attributes
                0x000001f4       0x3a ./Core/Src/sysmem.o
 .ARM.attributes
                0x0000022e       0x3a ./Core/Src/system_stm32l5xx_ns.o
 .ARM.attributes
                0x00000268       0x3a ./Core/Src/tim.o
 .ARM.attributes
                0x000002a2       0x3a ./Core/Src/usart.o
 .ARM.attributes
                0x000002dc       0x24 ./Core/Startup/startup_stm32l552zetxq.o
 .ARM.attributes
                0x00000300       0x3a ./Drivers/STM32L5xx_HAL_Driver/stm32l5xx_hal.o
 .ARM.attributes
                0x0000033a       0x3a ./Drivers/STM32L5xx_HAL_Driver/stm32l5xx_hal_cortex.o
 .ARM.attributes
                0x00000374       0x3a ./Drivers/STM32L5xx_HAL_Driver/stm32l5xx_hal_dma.o
 .ARM.attributes
                0x000003ae       0x3a ./Drivers/STM32L5xx_HAL_Driver/stm32l5xx_hal_gpio.o
 .ARM.attributes
                0x000003e8       0x3a ./Drivers/STM32L5xx_HAL_Driver/stm32l5xx_hal_pwr_ex.o
 .ARM.attributes
                0x00000422       0x3a ./Drivers/STM32L5xx_HAL_Driver/stm32l5xx_hal_rcc.o
 .ARM.attributes
                0x0000045c       0x3a ./Drivers/STM32L5xx_HAL_Driver/stm32l5xx_hal_rcc_ex.o
 .ARM.attributes
                0x00000496       0x3a ./Drivers/STM32L5xx_HAL_Driver/stm32l5xx_hal_tim.o
 .ARM.attributes
                0x000004d0       0x3a ./Drivers/STM32L5xx_HAL_Driver/stm32l5xx_hal_tim_ex.o
 .ARM.attributes
                0x0000050a       0x3a ./Drivers/STM32L5xx_HAL_Driver/stm32l5xx_hal_uart.o
 .ARM.attributes
                0x00000544       0x3a ./Drivers/STM32L5xx_HAL_Driver/stm32l5xx_hal_uart_ex.o
 .ARM.attributes
                0x0000057e       0x38 C:/ST/STM32CubeIDE_1.15.0/STM32CubeIDE/plugins/com.st.stm32cube.ide.mcu.externaltools.gnu-tools-for-stm32.12.3.rel1.win32_1.0.100.202403111256/tools/bin/../lib/gcc/arm-none-eabi/12.3.1/../../../../arm-none-eabi/lib/thumb/v8-m.main+fp/hard\libc_nano.a(libc_a-findfp.o)
 .ARM.attributes
                0x000005b6       0x38 C:/ST/STM32CubeIDE_1.15.0/STM32CubeIDE/plugins/com.st.stm32cube.ide.mcu.externaltools.gnu-tools-for-stm32.12.3.rel1.win32_1.0.100.202403111256/tools/bin/../lib/gcc/arm-none-eabi/12.3.1/../../../../arm-none-eabi/lib/thumb/v8-m.main+fp/hard\libc_nano.a(libc_a-fwalk.o)
 .ARM.attributes
                0x000005ee       0x38 C:/ST/STM32CubeIDE_1.15.0/STM32CubeIDE/plugins/com.st.stm32cube.ide.mcu.externaltools.gnu-tools-for-stm32.12.3.rel1.win32_1.0.100.202403111256/tools/bin/../lib/gcc/arm-none-eabi/12.3.1/../../../../arm-none-eabi/lib/thumb/v8-m.main+fp/hard\libc_nano.a(libc_a-printf.o)
 .ARM.attributes
                0x00000626       0x38 C:/ST/STM32CubeIDE_1.15.0/STM32CubeIDE/plugins/com.st.stm32cube.ide.mcu.externaltools.gnu-tools-for-stm32.12.3.rel1.win32_1.0.100.202403111256/tools/bin/../lib/gcc/arm-none-eabi/12.3.1/../../../../arm-none-eabi/lib/thumb/v8-m.main+fp/hard\libc_nano.a(libc_a-puts.o)
 .ARM.attributes
                0x0000065e       0x38 C:/ST/STM32CubeIDE_1.15.0/STM32CubeIDE/plugins/com.st.stm32cube.ide.mcu.externaltools.gnu-tools-for-stm32.12.3.rel1.win32_1.0.100.202403111256/tools/bin/../lib/gcc/arm-none-eabi/12.3.1/../../../../arm-none-eabi/lib/thumb/v8-m.main+fp/hard\libc_nano.a(libc_a-stdio.o)
 .ARM.attributes
                0x00000696       0x38 C:/ST/STM32CubeIDE_1.15.0/STM32CubeIDE/plugins/com.st.stm32cube.ide.mcu.externaltools.gnu-tools-for-stm32.12.3.rel1.win32_1.0.100.202403111256/tools/bin/../lib/gcc/arm-none-eabi/12.3.1/../../../../arm-none-eabi/lib/thumb/v8-m.main+fp/hard\libc_nano.a(libc_a-wbuf.o)
 .ARM.attributes
                0x000006ce       0x38 C:/ST/STM32CubeIDE_1.15.0/STM32CubeIDE/plugins/com.st.stm32cube.ide.mcu.externaltools.gnu-tools-for-stm32.12.3.rel1.win32_1.0.100.202403111256/tools/bin/../lib/gcc/arm-none-eabi/12.3.1/../../../../arm-none-eabi/lib/thumb/v8-m.main+fp/hard\libc_nano.a(libc_a-wsetup.o)
 .ARM.attributes
                0x00000706       0x38 C:/ST/STM32CubeIDE_1.15.0/STM32CubeIDE/plugins/com.st.stm32cube.ide.mcu.externaltools.gnu-tools-for-stm32.12.3.rel1.win32_1.0.100.202403111256/tools/bin/../lib/gcc/arm-none-eabi/12.3.1/../../../../arm-none-eabi/lib/thumb/v8-m.main+fp/hard\libc_nano.a(libc_a-memset.o)
 .ARM.attributes
                0x0000073e       0x38 C:/ST/STM32CubeIDE_1.15.0/STM32CubeIDE/plugins/com.st.stm32cube.ide.mcu.externaltools.gnu-tools-for-stm32.12.3.rel1.win32_1.0.100.202403111256/tools/bin/../lib/gcc/arm-none-eabi/12.3.1/../../../../arm-none-eabi/lib/thumb/v8-m.main+fp/hard\libc_nano.a(libc_a-closer.o)
 .ARM.attributes
                0x00000776       0x38 C:/ST/STM32CubeIDE_1.15.0/STM32CubeIDE/plugins/com.st.stm32cube.ide.mcu.externaltools.gnu-tools-for-stm32.12.3.rel1.win32_1.0.100.202403111256/tools/bin/../lib/gcc/arm-none-eabi/12.3.1/../../../../arm-none-eabi/lib/thumb/v8-m.main+fp/hard\libc_nano.a(libc_a-reent.o)
 .ARM.attributes
                0x000007ae       0x38 C:/ST/STM32CubeIDE_1.15.0/STM32CubeIDE/plugins/com.st.stm32cube.ide.mcu.externaltools.gnu-tools-for-stm32.12.3.rel1.win32_1.0.100.202403111256/tools/bin/../lib/gcc/arm-none-eabi/12.3.1/../../../../arm-none-eabi/lib/thumb/v8-m.main+fp/hard\libc_nano.a(libc_a-impure.o)
 .ARM.attributes
                0x000007e6       0x38 C:/ST/STM32CubeIDE_1.15.0/STM32CubeIDE/plugins/com.st.stm32cube.ide.mcu.externaltools.gnu-tools-for-stm32.12.3.rel1.win32_1.0.100.202403111256/tools/bin/../lib/gcc/arm-none-eabi/12.3.1/../../../../arm-none-eabi/lib/thumb/v8-m.main+fp/hard\libc_nano.a(libc_a-lseekr.o)
 .ARM.attributes
                0x0000081e       0x38 C:/ST/STM32CubeIDE_1.15.0/STM32CubeIDE/plugins/com.st.stm32cube.ide.mcu.externaltools.gnu-tools-for-stm32.12.3.rel1.win32_1.0.100.202403111256/tools/bin/../lib/gcc/arm-none-eabi/12.3.1/../../../../arm-none-eabi/lib/thumb/v8-m.main+fp/hard\libc_nano.a(libc_a-readr.o)
 .ARM.attributes
                0x00000856       0x38 C:/ST/STM32CubeIDE_1.15.0/STM32CubeIDE/plugins/com.st.stm32cube.ide.mcu.externaltools.gnu-tools-for-stm32.12.3.rel1.win32_1.0.100.202403111256/tools/bin/../lib/gcc/arm-none-eabi/12.3.1/../../../../arm-none-eabi/lib/thumb/v8-m.main+fp/hard\libc_nano.a(libc_a-writer.o)
 .ARM.attributes
                0x0000088e       0x38 C:/ST/STM32CubeIDE_1.15.0/STM32CubeIDE/plugins/com.st.stm32cube.ide.mcu.externaltools.gnu-tools-for-stm32.12.3.rel1.win32_1.0.100.202403111256/tools/bin/../lib/gcc/arm-none-eabi/12.3.1/../../../../arm-none-eabi/lib/thumb/v8-m.main+fp/hard\libc_nano.a(libc_a-errno.o)
 .ARM.attributes
                0x000008c6       0x38 C:/ST/STM32CubeIDE_1.15.0/STM32CubeIDE/plugins/com.st.stm32cube.ide.mcu.externaltools.gnu-tools-for-stm32.12.3.rel1.win32_1.0.100.202403111256/tools/bin/../lib/gcc/arm-none-eabi/12.3.1/../../../../arm-none-eabi/lib/thumb/v8-m.main+fp/hard\libc_nano.a(libc_a-init.o)
 .ARM.attributes
                0x000008fe       0x38 C:/ST/STM32CubeIDE_1.15.0/STM32CubeIDE/plugins/com.st.stm32cube.ide.mcu.externaltools.gnu-tools-for-stm32.12.3.rel1.win32_1.0.100.202403111256/tools/bin/../lib/gcc/arm-none-eabi/12.3.1/../../../../arm-none-eabi/lib/thumb/v8-m.main+fp/hard\libc_nano.a(libc_a-lock.o)
 .ARM.attributes
                0x00000936       0x38 C:/ST/STM32CubeIDE_1.15.0/STM32CubeIDE/plugins/com.st.stm32cube.ide.mcu.externaltools.gnu-tools-for-stm32.12.3.rel1.win32_1.0.100.202403111256/tools/bin/../lib/gcc/arm-none-eabi/12.3.1/../../../../arm-none-eabi/lib/thumb/v8-m.main+fp/hard\libc_nano.a(libc_a-freer.o)
 .ARM.attributes
                0x0000096e       0x38 C:/ST/STM32CubeIDE_1.15.0/STM32CubeIDE/plugins/com.st.stm32cube.ide.mcu.externaltools.gnu-tools-for-stm32.12.3.rel1.win32_1.0.100.202403111256/tools/bin/../lib/gcc/arm-none-eabi/12.3.1/../../../../arm-none-eabi/lib/thumb/v8-m.main+fp/hard\libc_nano.a(libc_a-mallocr.o)
 .ARM.attributes
                0x000009a6       0x38 C:/ST/STM32CubeIDE_1.15.0/STM32CubeIDE/plugins/com.st.stm32cube.ide.mcu.externaltools.gnu-tools-for-stm32.12.3.rel1.win32_1.0.100.202403111256/tools/bin/../lib/gcc/arm-none-eabi/12.3.1/../../../../arm-none-eabi/lib/thumb/v8-m.main+fp/hard\libc_nano.a(libc_a-mlock.o)
 .ARM.attributes
                0x000009de       0x38 C:/ST/STM32CubeIDE_1.15.0/STM32CubeIDE/plugins/com.st.stm32cube.ide.mcu.externaltools.gnu-tools-for-stm32.12.3.rel1.win32_1.0.100.202403111256/tools/bin/../lib/gcc/arm-none-eabi/12.3.1/../../../../arm-none-eabi/lib/thumb/v8-m.main+fp/hard\libc_nano.a(libc_a-nano-vfprintf.o)
 .ARM.attributes
                0x00000a16       0x38 C:/ST/STM32CubeIDE_1.15.0/STM32CubeIDE/plugins/com.st.stm32cube.ide.mcu.externaltools.gnu-tools-for-stm32.12.3.rel1.win32_1.0.100.202403111256/tools/bin/../lib/gcc/arm-none-eabi/12.3.1/../../../../arm-none-eabi/lib/thumb/v8-m.main+fp/hard\libc_nano.a(libc_a-nano-vfprintf_i.o)
 .ARM.attributes
                0x00000a4e       0x38 C:/ST/STM32CubeIDE_1.15.0/STM32CubeIDE/plugins/com.st.stm32cube.ide.mcu.externaltools.gnu-tools-for-stm32.12.3.rel1.win32_1.0.100.202403111256/tools/bin/../lib/gcc/arm-none-eabi/12.3.1/../../../../arm-none-eabi/lib/thumb/v8-m.main+fp/hard\libc_nano.a(libc_a-fflush.o)
 .ARM.attributes
                0x00000a86       0x38 C:/ST/STM32CubeIDE_1.15.0/STM32CubeIDE/plugins/com.st.stm32cube.ide.mcu.externaltools.gnu-tools-for-stm32.12.3.rel1.win32_1.0.100.202403111256/tools/bin/../lib/gcc/arm-none-eabi/12.3.1/../../../../arm-none-eabi/lib/thumb/v8-m.main+fp/hard\libc_nano.a(libc_a-makebuf.o)
 .ARM.attributes
                0x00000abe       0x38 C:/ST/STM32CubeIDE_1.15.0/STM32CubeIDE/plugins/com.st.stm32cube.ide.mcu.externaltools.gnu-tools-for-stm32.12.3.rel1.win32_1.0.100.202403111256/tools/bin/../lib/gcc/arm-none-eabi/12.3.1/../../../../arm-none-eabi/lib/thumb/v8-m.main+fp/hard\libc_nano.a(libc_a-fstatr.o)
 .ARM.attributes
                0x00000af6       0x38 C:/ST/STM32CubeIDE_1.15.0/STM32CubeIDE/plugins/com.st.stm32cube.ide.mcu.externaltools.gnu-tools-for-stm32.12.3.rel1.win32_1.0.100.202403111256/tools/bin/../lib/gcc/arm-none-eabi/12.3.1/../../../../arm-none-eabi/lib/thumb/v8-m.main+fp/hard\libc_nano.a(libc_a-isattyr.o)
 .ARM.attributes
                0x00000b2e       0x38 C:/ST/STM32CubeIDE_1.15.0/STM32CubeIDE/plugins/com.st.stm32cube.ide.mcu.externaltools.gnu-tools-for-stm32.12.3.rel1.win32_1.0.100.202403111256/tools/bin/../lib/gcc/arm-none-eabi/12.3.1/../../../../arm-none-eabi/lib/thumb/v8-m.main+fp/hard\libc_nano.a(libc_a-sbrkr.o)
 .ARM.attributes
                0x00000b66       0x38 C:/ST/STM32CubeIDE_1.15.0/STM32CubeIDE/plugins/com.st.stm32cube.ide.mcu.externaltools.gnu-tools-for-stm32.12.3.rel1.win32_1.0.100.202403111256/tools/bin/../lib/gcc/arm-none-eabi/12.3.1/../../../../arm-none-eabi/lib/thumb/v8-m.main+fp/hard\libc_nano.a(libc_a-memchr-stub.o)
 .ARM.attributes
                0x00000b9e       0x26 C:/ST/STM32CubeIDE_1.15.0/STM32CubeIDE/plugins/com.st.stm32cube.ide.mcu.externaltools.gnu-tools-for-stm32.12.3.rel1.win32_1.0.100.202403111256/tools/bin/../lib/gcc/arm-none-eabi/12.3.1/thumb/v8-m.main+fp/hard\libgcc.a(_aeabi_uldivmod.o)
 .ARM.attributes
                0x00000bc4       0x38 C:/ST/STM32CubeIDE_1.15.0/STM32CubeIDE/plugins/com.st.stm32cube.ide.mcu.externaltools.gnu-tools-for-stm32.12.3.rel1.win32_1.0.100.202403111256/tools/bin/../lib/gcc/arm-none-eabi/12.3.1/thumb/v8-m.main+fp/hard\libgcc.a(_udivmoddi4.o)
 .ARM.attributes
                0x00000bfc       0x26 C:/ST/STM32CubeIDE_1.15.0/STM32CubeIDE/plugins/com.st.stm32cube.ide.mcu.externaltools.gnu-tools-for-stm32.12.3.rel1.win32_1.0.100.202403111256/tools/bin/../lib/gcc/arm-none-eabi/12.3.1/thumb/v8-m.main+fp/hard\libgcc.a(_dvmd_tls.o)
 .ARM.attributes
                0x00000c22       0x26 C:/ST/STM32CubeIDE_1.15.0/STM32CubeIDE/plugins/com.st.stm32cube.ide.mcu.externaltools.gnu-tools-for-stm32.12.3.rel1.win32_1.0.100.202403111256/tools/bin/../lib/gcc/arm-none-eabi/12.3.1/thumb/v8-m.main+fp/hard/crtn.o
OUTPUT(L5-SR_Win_NonSecure.elf elf32-littlearm)
LOAD linker stubs
LOAD C:/ST/STM32CubeIDE_1.15.0/STM32CubeIDE/plugins/com.st.stm32cube.ide.mcu.externaltools.gnu-tools-for-stm32.12.3.rel1.win32_1.0.100.202403111256/tools/bin/../lib/gcc/arm-none-eabi/12.3.1/../../../../arm-none-eabi/lib/thumb/v8-m.main+fp/hard\libc.a
LOAD C:/ST/STM32CubeIDE_1.15.0/STM32CubeIDE/plugins/com.st.stm32cube.ide.mcu.externaltools.gnu-tools-for-stm32.12.3.rel1.win32_1.0.100.202403111256/tools/bin/../lib/gcc/arm-none-eabi/12.3.1/../../../../arm-none-eabi/lib/thumb/v8-m.main+fp/hard\libm.a
LOAD C:/ST/STM32CubeIDE_1.15.0/STM32CubeIDE/plugins/com.st.stm32cube.ide.mcu.externaltools.gnu-tools-for-stm32.12.3.rel1.win32_1.0.100.202403111256/tools/bin/../lib/gcc/arm-none-eabi/12.3.1/thumb/v8-m.main+fp/hard\libgcc.a

.debug_info     0x00000000    0x144c1
 .debug_info    0x00000000      0x670 ./Core/Src/dma.o
 .debug_info    0x00000670      0x369 ./Core/Src/gpio.o
 .debug_info    0x000009d9       0x8a ./Core/Src/icache.o
 .debug_info    0x00000a63     0x12bb ./Core/Src/main.o
 .debug_info    0x00001d1e      0x38b ./Core/Src/stm32l5xx_hal_msp.o
 .debug_info    0x000020a9      0x451 ./Core/Src/stm32l5xx_it.o
 .debug_info    0x000024fa      0x6a3 ./Core/Src/syscalls.o
 .debug_info    0x00002b9d      0x168 ./Core/Src/sysmem.o
 .debug_info    0x00002d05      0x181 ./Core/Src/system_stm32l5xx_ns.o
 .debug_info    0x00002e86      0xdc2 ./Core/Src/tim.o
 .debug_info    0x00003c48      0xfb8 ./Core/Src/usart.o
 .debug_info    0x00004c00       0x30 ./Core/Startup/startup_stm32l552zetxq.o
 .debug_info    0x00004c30      0xcf3 ./Drivers/STM32L5xx_HAL_Driver/stm32l5xx_hal.o
 .debug_info    0x00005923     0x1106 ./Drivers/STM32L5xx_HAL_Driver/stm32l5xx_hal_cortex.o
 .debug_info    0x00006a29      0x920 ./Drivers/STM32L5xx_HAL_Driver/stm32l5xx_hal_dma.o
 .debug_info    0x00007349      0x5d4 ./Drivers/STM32L5xx_HAL_Driver/stm32l5xx_hal_gpio.o
 .debug_info    0x0000791d      0xd73 ./Drivers/STM32L5xx_HAL_Driver/stm32l5xx_hal_pwr_ex.o
 .debug_info    0x00008690      0xf75 ./Drivers/STM32L5xx_HAL_Driver/stm32l5xx_hal_rcc.o
 .debug_info    0x00009605     0x1134 ./Drivers/STM32L5xx_HAL_Driver/stm32l5xx_hal_rcc_ex.o
 .debug_info    0x0000a739     0x2bdb ./Drivers/STM32L5xx_HAL_Driver/stm32l5xx_hal_tim.o
 .debug_info    0x0000d314     0x18b5 ./Drivers/STM32L5xx_HAL_Driver/stm32l5xx_hal_tim_ex.o
 .debug_info    0x0000ebc9     0x48fb ./Drivers/STM32L5xx_HAL_Driver/stm32l5xx_hal_uart.o
 .debug_info    0x000134c4      0xffd ./Drivers/STM32L5xx_HAL_Driver/stm32l5xx_hal_uart_ex.o

.debug_abbrev   0x00000000     0x2c9b
 .debug_abbrev  0x00000000      0x12c ./Core/Src/dma.o
 .debug_abbrev  0x0000012c       0xef ./Core/Src/gpio.o
 .debug_abbrev  0x0000021b       0x45 ./Core/Src/icache.o
 .debug_abbrev  0x00000260      0x329 ./Core/Src/main.o
 .debug_abbrev  0x00000589      0x105 ./Core/Src/stm32l5xx_hal_msp.o
 .debug_abbrev  0x0000068e      0x16b ./Core/Src/stm32l5xx_it.o
 .debug_abbrev  0x000007f9      0x1b6 ./Core/Src/syscalls.o
 .debug_abbrev  0x000009af       0xbc ./Core/Src/sysmem.o
 .debug_abbrev  0x00000a6b       0xbf ./Core/Src/system_stm32l5xx_ns.o
 .debug_abbrev  0x00000b2a      0x206 ./Core/Src/tim.o
 .debug_abbrev  0x00000d30      0x241 ./Core/Src/usart.o
 .debug_abbrev  0x00000f71       0x24 ./Core/Startup/startup_stm32l552zetxq.o
 .debug_abbrev  0x00000f95      0x2cd ./Drivers/STM32L5xx_HAL_Driver/stm32l5xx_hal.o
 .debug_abbrev  0x00001262      0x32c ./Drivers/STM32L5xx_HAL_Driver/stm32l5xx_hal_cortex.o
 .debug_abbrev  0x0000158e      0x1f4 ./Drivers/STM32L5xx_HAL_Driver/stm32l5xx_hal_dma.o
 .debug_abbrev  0x00001782      0x1c2 ./Drivers/STM32L5xx_HAL_Driver/stm32l5xx_hal_gpio.o
 .debug_abbrev  0x00001944      0x28c ./Drivers/STM32L5xx_HAL_Driver/stm32l5xx_hal_pwr_ex.o
 .debug_abbrev  0x00001bd0      0x2fd ./Drivers/STM32L5xx_HAL_Driver/stm32l5xx_hal_rcc.o
 .debug_abbrev  0x00001ecd      0x2c8 ./Drivers/STM32L5xx_HAL_Driver/stm32l5xx_hal_rcc_ex.o
 .debug_abbrev  0x00002195      0x277 ./Drivers/STM32L5xx_HAL_Driver/stm32l5xx_hal_tim.o
 .debug_abbrev  0x0000240c      0x297 ./Drivers/STM32L5xx_HAL_Driver/stm32l5xx_hal_tim_ex.o
 .debug_abbrev  0x000026a3      0x325 ./Drivers/STM32L5xx_HAL_Driver/stm32l5xx_hal_uart.o
 .debug_abbrev  0x000029c8      0x2d3 ./Drivers/STM32L5xx_HAL_Driver/stm32l5xx_hal_uart_ex.o

.debug_aranges  0x00000000     0x1208
 .debug_aranges
                0x00000000       0x20 ./Core/Src/dma.o
 .debug_aranges
                0x00000020       0x20 ./Core/Src/gpio.o
 .debug_aranges
                0x00000040       0x20 ./Core/Src/icache.o
 .debug_aranges
                0x00000060       0x78 ./Core/Src/main.o
 .debug_aranges
                0x000000d8       0x20 ./Core/Src/stm32l5xx_hal_msp.o
 .debug_aranges
                0x000000f8       0x48 ./Core/Src/stm32l5xx_it.o
 .debug_aranges
                0x00000140       0xa8 ./Core/Src/syscalls.o
 .debug_aranges
                0x000001e8       0x20 ./Core/Src/sysmem.o
 .debug_aranges
                0x00000208       0x28 ./Core/Src/system_stm32l5xx_ns.o
 .debug_aranges
                0x00000230       0x38 ./Core/Src/tim.o
 .debug_aranges
                0x00000268       0x30 ./Core/Src/usart.o
 .debug_aranges
                0x00000298       0x28 ./Core/Startup/startup_stm32l552zetxq.o
 .debug_aranges
                0x000002c0      0x130 ./Drivers/STM32L5xx_HAL_Driver/stm32l5xx_hal.o
 .debug_aranges
                0x000003f0      0x140 ./Drivers/STM32L5xx_HAL_Driver/stm32l5xx_hal_cortex.o
 .debug_aranges
                0x00000530       0xa0 ./Drivers/STM32L5xx_HAL_Driver/stm32l5xx_hal_dma.o
 .debug_aranges
                0x000005d0       0x60 ./Drivers/STM32L5xx_HAL_Driver/stm32l5xx_hal_gpio.o
 .debug_aranges
                0x00000630      0x1b8 ./Drivers/STM32L5xx_HAL_Driver/stm32l5xx_hal_pwr_ex.o
 .debug_aranges
                0x000007e8       0xa8 ./Drivers/STM32L5xx_HAL_Driver/stm32l5xx_hal_rcc.o
 .debug_aranges
                0x00000890      0x118 ./Drivers/STM32L5xx_HAL_Driver/stm32l5xx_hal_rcc_ex.o
 .debug_aranges
                0x000009a8      0x3e0 ./Drivers/STM32L5xx_HAL_Driver/stm32l5xx_hal_tim.o
 .debug_aranges
                0x00000d88      0x190 ./Drivers/STM32L5xx_HAL_Driver/stm32l5xx_hal_tim_ex.o
 .debug_aranges
                0x00000f18      0x248 ./Drivers/STM32L5xx_HAL_Driver/stm32l5xx_hal_uart.o
 .debug_aranges
                0x00001160       0xa8 ./Drivers/STM32L5xx_HAL_Driver/stm32l5xx_hal_uart_ex.o

.debug_rnglists
                0x00000000      0xdfb
 .debug_rnglists
                0x00000000       0x13 ./Core/Src/dma.o
 .debug_rnglists
                0x00000013       0x13 ./Core/Src/gpio.o
 .debug_rnglists
                0x00000026       0x13 ./Core/Src/icache.o
 .debug_rnglists
                0x00000039       0x58 ./Core/Src/main.o
 .debug_rnglists
                0x00000091       0x13 ./Core/Src/stm32l5xx_hal_msp.o
 .debug_rnglists
                0x000000a4       0x31 ./Core/Src/stm32l5xx_it.o
 .debug_rnglists
                0x000000d5       0x79 ./Core/Src/syscalls.o
 .debug_rnglists
                0x0000014e       0x13 ./Core/Src/sysmem.o
 .debug_rnglists
                0x00000161       0x19 ./Core/Src/system_stm32l5xx_ns.o
 .debug_rnglists
                0x0000017a       0x28 ./Core/Src/tim.o
 .debug_rnglists
                0x000001a2       0x21 ./Core/Src/usart.o
 .debug_rnglists
                0x000001c3       0x19 ./Core/Startup/startup_stm32l552zetxq.o
 .debug_rnglists
                0x000001dc       0xdf ./Drivers/STM32L5xx_HAL_Driver/stm32l5xx_hal.o
 .debug_rnglists
                0x000002bb       0xeb ./Drivers/STM32L5xx_HAL_Driver/stm32l5xx_hal_cortex.o
 .debug_rnglists
                0x000003a6       0x7d ./Drivers/STM32L5xx_HAL_Driver/stm32l5xx_hal_dma.o
 .debug_rnglists
                0x00000423       0x45 ./Drivers/STM32L5xx_HAL_Driver/stm32l5xx_hal_gpio.o
 .debug_rnglists
                0x00000468      0x14e ./Drivers/STM32L5xx_HAL_Driver/stm32l5xx_hal_pwr_ex.o
 .debug_rnglists
                0x000005b6       0x80 ./Drivers/STM32L5xx_HAL_Driver/stm32l5xx_hal_rcc.o
 .debug_rnglists
                0x00000636       0xdd ./Drivers/STM32L5xx_HAL_Driver/stm32l5xx_hal_rcc_ex.o
 .debug_rnglists
                0x00000713      0x328 ./Drivers/STM32L5xx_HAL_Driver/stm32l5xx_hal_tim.o
 .debug_rnglists
                0x00000a3b      0x147 ./Drivers/STM32L5xx_HAL_Driver/stm32l5xx_hal_tim_ex.o
 .debug_rnglists
                0x00000b82      0x1fa ./Drivers/STM32L5xx_HAL_Driver/stm32l5xx_hal_uart.o
 .debug_rnglists
                0x00000d7c       0x7f ./Drivers/STM32L5xx_HAL_Driver/stm32l5xx_hal_uart_ex.o

.debug_macro    0x00000000    0x2a675
 .debug_macro   0x00000000      0x20e ./Core/Src/dma.o
 .debug_macro   0x0000020e      0xaba ./Core/Src/dma.o
 .debug_macro   0x00000cc8      0x196 ./Core/Src/dma.o
 .debug_macro   0x00000e5e       0x2e ./Core/Src/dma.o
 .debug_macro   0x00000e8c       0x42 ./Core/Src/dma.o
 .debug_macro   0x00000ece       0x22 ./Core/Src/dma.o
 .debug_macro   0x00000ef0       0x8e ./Core/Src/dma.o
 .debug_macro   0x00000f7e       0x51 ./Core/Src/dma.o
 .debug_macro   0x00000fcf      0x103 ./Core/Src/dma.o
 .debug_macro   0x000010d2       0x6a ./Core/Src/dma.o
 .debug_macro   0x0000113c      0x1df ./Core/Src/dma.o
 .debug_macro   0x0000131b       0x1c ./Core/Src/dma.o
 .debug_macro   0x00001337       0x29 ./Core/Src/dma.o
 .debug_macro   0x00001360       0xfb ./Core/Src/dma.o
 .debug_macro   0x0000145b     0x1336 ./Core/Src/dma.o
 .debug_macro   0x00002791       0x5e ./Core/Src/dma.o
 .debug_macro   0x000027ef    0x1aca2 ./Core/Src/dma.o
 .debug_macro   0x0001d491       0x6c ./Core/Src/dma.o
 .debug_macro   0x0001d4fd     0x353c ./Core/Src/dma.o
 .debug_macro   0x00020a39      0x189 ./Core/Src/dma.o
 .debug_macro   0x00020bc2       0x5d ./Core/Src/dma.o
 .debug_macro   0x00020c1f     0x1987 ./Core/Src/dma.o
 .debug_macro   0x000225a6      0xa52 ./Core/Src/dma.o
 .debug_macro   0x00022ff8      0x1cf ./Core/Src/dma.o
 .debug_macro   0x000231c7      0x1d8 ./Core/Src/dma.o
 .debug_macro   0x0002339f      0x4e1 ./Core/Src/dma.o
 .debug_macro   0x00023880      0x1ab ./Core/Src/dma.o
 .debug_macro   0x00023a2b       0x4a ./Core/Src/dma.o
 .debug_macro   0x00023a75      0x1b9 ./Core/Src/dma.o
 .debug_macro   0x00023c2e      0x230 ./Core/Src/dma.o
 .debug_macro   0x00023e5e      0x3bb ./Core/Src/dma.o
 .debug_macro   0x00024219       0x36 ./Core/Src/dma.o
 .debug_macro   0x0002424f      0x11c ./Core/Src/dma.o
 .debug_macro   0x0002436b      0x22c ./Core/Src/dma.o
 .debug_macro   0x00024597       0x5b ./Core/Src/dma.o
 .debug_macro   0x000245f2       0xa5 ./Core/Src/dma.o
 .debug_macro   0x00024697       0xc9 ./Core/Src/dma.o
 .debug_macro   0x00024760      0x199 ./Core/Src/dma.o
 .debug_macro   0x000248f9      0x487 ./Core/Src/dma.o
 .debug_macro   0x00024d80      0xabb ./Core/Src/dma.o
 .debug_macro   0x0002583b      0x184 ./Core/Src/dma.o
 .debug_macro   0x000259bf      0x693 ./Core/Src/dma.o
 .debug_macro   0x00026052       0xa6 ./Core/Src/dma.o
 .debug_macro   0x000260f8      0x3f1 ./Core/Src/dma.o
 .debug_macro   0x000264e9      0x20e ./Core/Src/gpio.o
 .debug_macro   0x000266f7      0x20e ./Core/Src/icache.o
 .debug_macro   0x00026905      0x38f ./Core/Src/main.o
 .debug_macro   0x00026c94       0x61 ./Core/Src/main.o
 .debug_macro   0x00026cf5       0x2a ./Core/Src/main.o
 .debug_macro   0x00026d1f       0x43 ./Core/Src/main.o
 .debug_macro   0x00026d62       0x34 ./Core/Src/main.o
 .debug_macro   0x00026d96       0x16 ./Core/Src/main.o
 .debug_macro   0x00026dac       0x35 ./Core/Src/main.o
 .debug_macro   0x00026de1      0x369 ./Core/Src/main.o
 .debug_macro   0x0002714a       0x10 ./Core/Src/main.o
 .debug_macro   0x0002715a       0x16 ./Core/Src/main.o
 .debug_macro   0x00027170       0x43 ./Core/Src/main.o
 .debug_macro   0x000271b3       0x34 ./Core/Src/main.o
 .debug_macro   0x000271e7       0x10 ./Core/Src/main.o
 .debug_macro   0x000271f7       0x58 ./Core/Src/main.o
 .debug_macro   0x0002724f       0x8e ./Core/Src/main.o
 .debug_macro   0x000272dd       0x1c ./Core/Src/main.o
 .debug_macro   0x000272f9      0x177 ./Core/Src/main.o
 .debug_macro   0x00027470       0x16 ./Core/Src/main.o
 .debug_macro   0x00027486       0x16 ./Core/Src/main.o
 .debug_macro   0x0002749c      0x146 ./Core/Src/main.o
 .debug_macro   0x000275e2       0x16 ./Core/Src/main.o
 .debug_macro   0x000275f8       0x16 ./Core/Src/main.o
 .debug_macro   0x0002760e       0x29 ./Core/Src/main.o
 .debug_macro   0x00027637      0x204 ./Core/Src/stm32l5xx_hal_msp.o
 .debug_macro   0x0002783b      0x20e ./Core/Src/stm32l5xx_it.o
 .debug_macro   0x00027a49      0x274 ./Core/Src/syscalls.o
 .debug_macro   0x00027cbd       0x5b ./Core/Src/syscalls.o
 .debug_macro   0x00027d18       0x94 ./Core/Src/syscalls.o
 .debug_macro   0x00027dac       0x57 ./Core/Src/syscalls.o
 .debug_macro   0x00027e03       0x10 ./Core/Src/syscalls.o
 .debug_macro   0x00027e13       0x10 ./Core/Src/syscalls.o
 .debug_macro   0x00027e23       0x10 ./Core/Src/syscalls.o
 .debug_macro   0x00027e33       0x10 ./Core/Src/syscalls.o
 .debug_macro   0x00027e43       0x1c ./Core/Src/syscalls.o
 .debug_macro   0x00027e5f       0x52 ./Core/Src/syscalls.o
 .debug_macro   0x00027eb1       0x22 ./Core/Src/syscalls.o
 .debug_macro   0x00027ed3       0x10 ./Core/Src/syscalls.o
 .debug_macro   0x00027ee3       0x52 ./Core/Src/syscalls.o
 .debug_macro   0x00027f35       0xcf ./Core/Src/syscalls.o
 .debug_macro   0x00028004       0x1c ./Core/Src/syscalls.o
 .debug_macro   0x00028020       0x3d ./Core/Src/syscalls.o
 .debug_macro   0x0002805d       0x35 ./Core/Src/syscalls.o
 .debug_macro   0x00028092      0x12c ./Core/Src/syscalls.o
 .debug_macro   0x000281be       0x10 ./Core/Src/syscalls.o
 .debug_macro   0x000281ce      0x242 ./Core/Src/syscalls.o
 .debug_macro   0x00028410       0x1c ./Core/Src/syscalls.o
 .debug_macro   0x0002842c       0x10 ./Core/Src/syscalls.o
 .debug_macro   0x0002843c      0x18a ./Core/Src/syscalls.o
 .debug_macro   0x000285c6       0x16 ./Core/Src/syscalls.o
 .debug_macro   0x000285dc       0xce ./Core/Src/syscalls.o
 .debug_macro   0x000286aa       0xff ./Core/Src/sysmem.o
 .debug_macro   0x000287a9      0x23c ./Core/Src/sysmem.o
 .debug_macro   0x000289e5      0x1f0 ./Core/Src/system_stm32l5xx_ns.o
 .debug_macro   0x00028bd5      0x20e ./Core/Src/tim.o
 .debug_macro   0x00028de3      0x20e ./Core/Src/usart.o
 .debug_macro   0x00028ff1      0x220 ./Drivers/STM32L5xx_HAL_Driver/stm32l5xx_hal.o
 .debug_macro   0x00029211      0x1f0 ./Drivers/STM32L5xx_HAL_Driver/stm32l5xx_hal_cortex.o
 .debug_macro   0x00029401      0x1f0 ./Drivers/STM32L5xx_HAL_Driver/stm32l5xx_hal_dma.o
 .debug_macro   0x000295f1      0x1f6 ./Drivers/STM32L5xx_HAL_Driver/stm32l5xx_hal_gpio.o
 .debug_macro   0x000297e7      0x220 ./Drivers/STM32L5xx_HAL_Driver/stm32l5xx_hal_pwr_ex.o
 .debug_macro   0x00029a07      0x21a ./Drivers/STM32L5xx_HAL_Driver/stm32l5xx_hal_rcc.o
 .debug_macro   0x00029c21      0x256 ./Drivers/STM32L5xx_HAL_Driver/stm32l5xx_hal_rcc_ex.o
 .debug_macro   0x00029e77      0x1f1 ./Drivers/STM32L5xx_HAL_Driver/stm32l5xx_hal_tim.o
 .debug_macro   0x0002a068      0x1f6 ./Drivers/STM32L5xx_HAL_Driver/stm32l5xx_hal_tim_ex.o
 .debug_macro   0x0002a25e      0x21b ./Drivers/STM32L5xx_HAL_Driver/stm32l5xx_hal_uart.o
 .debug_macro   0x0002a479      0x1fc ./Drivers/STM32L5xx_HAL_Driver/stm32l5xx_hal_uart_ex.o

.debug_line     0x00000000    0x17acd
 .debug_line    0x00000000      0x7e2 ./Core/Src/dma.o
 .debug_line    0x000007e2      0x7e2 ./Core/Src/gpio.o
 .debug_line    0x00000fc4      0x7e2 ./Core/Src/icache.o
 .debug_line    0x000017a6      0xc4c ./Core/Src/main.o
 .debug_line    0x000023f2      0x7e7 ./Core/Src/stm32l5xx_hal_msp.o
 .debug_line    0x00002bd9      0x862 ./Core/Src/stm32l5xx_it.o
 .debug_line    0x0000343b      0x8b2 ./Core/Src/syscalls.o
 .debug_line    0x00003ced      0x583 ./Core/Src/sysmem.o
 .debug_line    0x00004270      0x7d1 ./Core/Src/system_stm32l5xx_ns.o
 .debug_line    0x00004a41      0x90d ./Core/Src/tim.o
 .debug_line    0x0000534e      0x887 ./Core/Src/usart.o
 .debug_line    0x00005bd5       0x79 ./Core/Startup/startup_stm32l552zetxq.o
 .debug_line    0x00005c4e      0xc05 ./Drivers/STM32L5xx_HAL_Driver/stm32l5xx_hal.o
 .debug_line    0x00006853      0xe51 ./Drivers/STM32L5xx_HAL_Driver/stm32l5xx_hal_cortex.o
 .debug_line    0x000076a4     0x1098 ./Drivers/STM32L5xx_HAL_Driver/stm32l5xx_hal_dma.o
 .debug_line    0x0000873c      0xc62 ./Drivers/STM32L5xx_HAL_Driver/stm32l5xx_hal_gpio.o
 .debug_line    0x0000939e      0xfb3 ./Drivers/STM32L5xx_HAL_Driver/stm32l5xx_hal_pwr_ex.o
 .debug_line    0x0000a351     0x1344 ./Drivers/STM32L5xx_HAL_Driver/stm32l5xx_hal_rcc.o
 .debug_line    0x0000b695     0x1c93 ./Drivers/STM32L5xx_HAL_Driver/stm32l5xx_hal_rcc_ex.o
 .debug_line    0x0000d328     0x3ef6 ./Drivers/STM32L5xx_HAL_Driver/stm32l5xx_hal_tim.o
 .debug_line    0x0001121e     0x1dd5 ./Drivers/STM32L5xx_HAL_Driver/stm32l5xx_hal_tim_ex.o
 .debug_line    0x00012ff3     0x3c97 ./Drivers/STM32L5xx_HAL_Driver/stm32l5xx_hal_uart.o
 .debug_line    0x00016c8a      0xe43 ./Drivers/STM32L5xx_HAL_Driver/stm32l5xx_hal_uart_ex.o

.debug_str      0x00000000   0x10b3fd
 .debug_str     0x00000000    0xffe2a ./Core/Src/dma.o
                             0x100103 (size before relaxing)
 .debug_str     0x000ffe2a       0x2c ./Core/Src/gpio.o
                              0xffafb (size before relaxing)
 .debug_str     0x000ffe56       0x32 ./Core/Src/icache.o
                              0xff90d (size before relaxing)
 .debug_str     0x000ffe88     0x48fa ./Core/Src/main.o
                             0x104372 (size before relaxing)
 .debug_str     0x00104782       0x49 ./Core/Src/stm32l5xx_hal_msp.o
                              0xffb01 (size before relaxing)
 .debug_str     0x001047cb       0xb5 ./Core/Src/stm32l5xx_it.o
                              0xffcbc (size before relaxing)
 .debug_str     0x00104880     0x1fce ./Core/Src/syscalls.o
                               0x98e1 (size before relaxing)
 .debug_str     0x0010684e       0x6b ./Core/Src/sysmem.o
                               0x60f9 (size before relaxing)
 .debug_str     0x001068b9       0x84 ./Core/Src/system_stm32l5xx_ns.o
                              0xff983 (size before relaxing)
 .debug_str     0x0010693d      0x20f ./Core/Src/tim.o
                             0x1003ae (size before relaxing)
 .debug_str     0x00106b4c      0x3fd ./Core/Src/usart.o
                             0x10050c (size before relaxing)
 .debug_str     0x00106f49       0x45 ./Core/Startup/startup_stm32l552zetxq.o
                                 0x8b (size before relaxing)
 .debug_str     0x00106f8e      0x5a8 ./Drivers/STM32L5xx_HAL_Driver/stm32l5xx_hal.o
                             0x1007dc (size before relaxing)
 .debug_str     0x00107536      0x4f5 ./Drivers/STM32L5xx_HAL_Driver/stm32l5xx_hal_cortex.o
                             0x10061b (size before relaxing)
 .debug_str     0x00107a2b      0x2fc ./Drivers/STM32L5xx_HAL_Driver/stm32l5xx_hal_dma.o
                              0xfffd7 (size before relaxing)
 .debug_str     0x00107d27      0x1ff ./Drivers/STM32L5xx_HAL_Driver/stm32l5xx_hal_gpio.o
                              0xffbee (size before relaxing)
 .debug_str     0x00107f26      0x761 ./Drivers/STM32L5xx_HAL_Driver/stm32l5xx_hal_pwr_ex.o
                             0x1003ca (size before relaxing)
 .debug_str     0x00108687      0x446 ./Drivers/STM32L5xx_HAL_Driver/stm32l5xx_hal_rcc.o
                             0x10027f (size before relaxing)
 .debug_str     0x00108acd      0x811 ./Drivers/STM32L5xx_HAL_Driver/stm32l5xx_hal_rcc_ex.o
                             0x1007d5 (size before relaxing)
 .debug_str     0x001092de      0xe16 ./Drivers/STM32L5xx_HAL_Driver/stm32l5xx_hal_tim.o
                             0x100fc3 (size before relaxing)
 .debug_str     0x0010a0f4      0x685 ./Drivers/STM32L5xx_HAL_Driver/stm32l5xx_hal_tim_ex.o
                             0x10095c (size before relaxing)
 .debug_str     0x0010a779      0x9ed ./Drivers/STM32L5xx_HAL_Driver/stm32l5xx_hal_uart.o
                             0x100ba5 (size before relaxing)
 .debug_str     0x0010b166      0x297 ./Drivers/STM32L5xx_HAL_Driver/stm32l5xx_hal_uart_ex.o
                             0x100333 (size before relaxing)

.comment        0x00000000       0x43
 .comment       0x00000000       0x43 ./Core/Src/dma.o
                                 0x44 (size before relaxing)
 .comment       0x00000043       0x44 ./Core/Src/gpio.o